+ï¿½ï¿½ï¿½m[0m
[0;32mI ets Jul 29 2019 12:21:46

rst:0x1 (POWERON_RESET),boot:0x13 (SPI_FAST_FLASH_BOOT)
configsip: 0, SPIWP:0xee
clk_drv:0x00,q_drv:0x00,d_drv:0x00,cs0_drv:0x00,hd_drv:0x00,wp_drv:0x00
mode:DIO, clock div:2
load:0x3fff0030,len:7172
load:0x40078000,len:15540
load:0x40080400,len:4
ho 8 tail 4 room 4
load:0x40080404,len:3904
entry 0x40080640
[0;32mI (31) boot: ESP-IDF v5.2.1 2nd stage bootloader[0m
[0;32mI (31) boot: compile time Jun  3 2024 15:19:52[0m
[0;32mI (31) boot: Multicore bootloader[0m
[0;32mI (35) boot: chip revision: v3.0[0m
[0;32mI (39) boot.esp32: SPI Speed      : 40MHz[0m
[0;32mI (44) boot.esp32: SPI Mode       : DIO[0m
[0;32mI (48) boot.esp32: SPI Flash Size : 2MB[0m
[0;32mI (53) boot: Enabling RNG early entropy source...[0m
[0;32mI (58) boot: Partition Table:[0m
[0;32mI (62) boot: ## Label            Usage          Type ST Offset   Length[0m
[0;32mI (69) boot:  0 nvs              WiFi data        01 02 00009000 00006000[0m
[0;32mI (77) boot:  1 phy_init         RF data          01 01 0000f000 00001000[0m
[0;32mI (84) boot:  2 factory          factory app      00 00 00010000 00100000[0m
[0;32mI (92) boot: End of partition table[0m
[0;32mI (96) esp_image: segment 0: paddr=00010020 vaddr=3f400020 size=1b7a0h (112544) map[0m
[0;32mI (143) esp_image: segment 1: paddr=0002b7c8 vaddr=3ffbdb60 size=04850h ( 18512) load[0m
[0;32mI (150) esp_image: segment 2: paddr=00030020 vaddr=400d0020 size=5c66ch (378476) map[0m
[0;32mI (280) esp_image: segment 3: paddr=0008c694 vaddr=3ffc23b0 size=00378h (   888) load[0m
[0;32mI (280) esp_image: segment 4: paddr=0008ca14 vaddr=40080000 size=1a05ch (106588) load[0m
[0;32mI (340) boot: Loaded app from partition at offset 0x10000[0m
[0;32mI (341) boot: Disabling RNG early entropy source...[0m
[0;32mI (352) cpu_start: Multicore app[0m
[0;32mI (361) cpu_start: Pro cpu start user code[0m
[0;32mI (361) cpu_start: cpu freq: 160000000 Hz[0m
[0;32mI (361) cpu_start: Application information:[0m
[0;32mI (364) cpu_start: Project name:     Speedometer[0m
[0;32mI (369) cpu_start: App version:      f679cdc-dirty[0m
[0;32mI (375) cpu_start: Compile time:     Jun  3 2024 22:07:49[0m
[0;32mI (381) cpu_start: ELF file SHA256:  3c77281fb...[0m
[0;32mI (386) cpu_start: ESP-IDF:          v5.2.1[0m
[0;32mI (391) cpu_start: Min chip rev:     v0.0[0m
[0;32mI (396) cpu_start: Max chip rev:     v3.99 [0m
[0;32mI (401) cpu_start: Chip rev:         v3.0[0m
[0;32mI (406) heap_init: Initializing. RAM available for dynamic allocation:[0m
[0;32mI (413) heap_init: At 3FFAFF10 len 000000F0 (0 KiB): DRAM[0m
[0;32mI (419) heap_init: At 3FFB6388 len 00001C78 (7 KiB): DRAM[0m
[0;32mI (425) heap_init: At 3FFB9A20 len 00004108 (16 KiB): DRAM[0m
[0;32mI (431) heap_init: At 3FFC5540 len 0001AAC0 (106 KiB): DRAM[0m
[0;32mI (437) heap_init: At 3FFE0440 len 00003AE0 (14 KiB): D/IRAM[0m
[0;32mI (443) heap_init: At 3FFE4350 len 0001BCB0 (111 KiB): D/IRAM[0m
[0;32mI (450) heap_init: At 4009A05C len 00005FA4 (23 KiB): IRAM[0m
[0;32mI (458) spi_flash: detected chip: generic[0m
[0;32mI (461) spi_flash: flash io: dio[0m
[0;33mW (465) spi_flash: Detected size(4096k) larger than the size in the binary image header(2048k). Using the size in the binary image header.[0m
[0;33mW (478) timer_group: legacy driver is deprecated, please migrate to `driver/gptimer.h`[0m
[0;32mI (487) coexist: coex firmware version: 77cd7f8[0m
[0;32mI (492) main_task: Started on CPU0[0m
[0;32mI (502) main_task: Calling app_main()[0m
[0;32mI (522) BTDM_INIT: BT controller compile version [0f0c5a2][0m
[0;32mI (532) BTDM_INIT: Bluetooth MAC: 7c:87:ce:2d:5b:0e[0m
[0;32mI (532) phy_init: phy_version 4791,2c4672b,Dec 20 2023,16:06:06[0m
[0;32mI (862) gpio: GPIO[32]| InputEn: 0| OutputEn: 0| OpenDrain: 0| Pullup: 0| Pulldown: 0| Intr:0 [0m
[0;32mI (872) ADC_CONTINUOUS: ADC continuous mode started[0m
[0;32mI (902) NimBLE: Failed to restore IRKs from store; status=8
[0m
[0;32mI (13772) ADC_CONTINUOUS: Time between threshold crossings: 739963 us[0m
[0;32mI (14782) ADC_CONTINUOUS: Time between threshold crossings: 1010001 us[0m
[0;32mI (15542) ADC_CONTINUOUS: Time between threshold crossings: 759999 us[0m
[0;32mI (15802) ADC_CONTINUOUS: Time between threshold crossings: 260002 us[0m
[0;32mI (16502) ADC_CONTINUOUS: Time between threshold crossings: 699998 us[0m
[0;32mI (16672) ADC_CONTINUOUS: Time between threshold crossings: 170000 us[0m
[0;32mI (18222) ADC_CONTINUOUS: Time between threshold crossings: 1550000 us[0m
[0;32mI (18592) ADC_CONTINUOUS: Time between threshold crossings: 370000 us[0m
[0;32mI (18972) ADC_CONTINUOUS: Time between threshold crossings: 380000 us[0m
[0;32mI (19302) ADC_CONTINUOUS: Time between threshold crossings: 330002 us[0m
[0;32mI (19632) ADC_CONTINUOUS: Time between threshold crossings: 329999 us[0m
[0;32mI (19992) ADC_CONTINUOUS: Time between threshold crossings: 359999 us[0m
[0;32mI (20362) ADC_CONTINUOUS: Time between threshold crossings: 370002 us[0m
[0;32mI (20732) ADC_CONTINUOUS: Time between threshold crossings: 369998 us[0m
[0;32mI (21102) ADC_CONTINUOUS: Time between threshold crossings: 370009 us[0m
[0;32mI (21492) ADC_CONTINUOUS: Time between threshold crossings: 389991 us[0m
[0;32mI (21832) ADC_CONTINUOUS: Time between threshold crossings: 340002 us[0m
[0;32mI (22252) ADC_CONTINUOUS: Time between threshold crossings: 420015 us[0m
[0;32mI (22602) ADC_CONTINUOUS: Time between threshold crossings: 349983 us[0m
[0;32mI (22922) ADC_CONTINUOUS: Time between threshold crossings: 320000 us[0m
[0;32mI (23222) ADC_CONTINUOUS: Time between threshold crossings: 300002 us[0m
[0;32mI (23532) ADC_CONTINUOUS: Time between threshold crossings: 309998 us[0m
[0;32mI (23792) ADC_CONTINUOUS: Time between threshold crossings: 260000 us[0m
[0;32mI (24042) ADC_CONTINUOUS: Time between threshold crossings: 250000 us[0m
[0;32mI (24262) ADC_CONTINUOUS: Time between threshold crossings: 220000 us[0m
[0;32mI (24412) ADC_CONTINUOUS: Time between threshold crossings: 150000 us[0m
[0;32mI (24612) ADC_CONTINUOUS: Time between threshold crossings: 200000 us[0m
ets Jul 29 2019 12:21:46

rst:0x1 (POWERON_RESET),boot:0x13 (SPI_FAST_FLASH_BOOT)
configsip: 0, SPIWP:0xee
clk_drv:0x00,q_drv:0x00,d_drv:0x00,cs0_drv:0x00,hd_drv:0x00,wp_drv:0x00
mode:DIO, clock div:2
load:0x3fff0030,len:7172
load:0x40078000,len:15540
load:0x40080400,len:4
ho 8 tail 4 room 4
load:0x40080404,len:3904
entry 0x40080640
[0;32mI (31) boot: ESP-IDF v5.2.1 2nd stage bootloader[0m
[0;32mI (31) boot: compile time Jun  3 2024 15:19:52[0m
[0;32mI (31) boot: Multicore bootloader[0m
[0;32mI (35) boot: chip revision: v3.0[0m
[0;32mI (39) boot.esp32: SPI Speed      : 40MHz[0m
[0;32mI (44) boot.esp32: SPI Mode       : DIO[0m
[0;32mI (48) boot.esp32: SPI Flash Size : 2MB[0m
[0;32mI (53) boot: Enabling RNG early entropy source...[0m
[0;32mI (58) boot: Partition Table:[0m
[0;32mI (62) boot: ## Label            Usage          Type ST Offset   Length[0m
[0;32mI (69) boot:  0 nvs              WiFi data        01 02 00009000 00006000[0m
[0;32mI (77) boot:  1 phy_init         RF data          01 01 0000f000 00001000[0m
[0;32mI (84) boot:  2 factory          factory app      00 00 00010000 00100000[0m
[0;32mI (92) boot: End of partition table[0m
[0;32mI (96) esp_image: segment 0: paddr=00010020 vaddr=3f400020 size=1b7a0h (112544) map[0m
[0;32mI (143) esp_image: segment 1: paddr=0002b7c8 vaddr=3ffbdb60 size=04850h ( 18512) load[0m
[0;32mI (150) esp_image: segment 2: paddr=00030020 vaddr=400d0020 size=5c66ch (378476) map[0m
[0;32mI (280) esp_image: segment 3: paddr=0008c694 vaddr=3ffc23b0 size=00378h (   888) load[0m
[0;32mI (280) esp_image: segment 4: paddr=0008ca14 vaddr=40080000 size=1a05ch (106588) load[0m
[0;32mI (340) boot: Loaded app from partition at offset 0x10000[0m
[0;32mI (341) boot: Disabling RNG early entropy source...[0m
[0;32mI (352) cpu_start: Multicore app[0m
[0;32mI (361) cpu_start: Pro cpu start user code[0m
[0;32mI (361) cpu_start: cpu freq: 160000000 Hz[0m
[0;32mI (361) cpu_start: Application information:[0m
[0;32mI (364) cpu_start: Project name:     Speedometer[0m
[0;32mI (369) cpu_start: App version:      f679cdc-dirty[0m
[0;32mI (375) cpu_start: Compile time:     Jun  3 2024 22:07:49[0m
[0;32mI (381) cpu_start: ELF file SHA256:  3c77281fb...[0m
[0;32mI (386) cpu_start: ESP-IDF:          v5.2.1[0m
[0;32mI (391) cpu_start: Min chip rev:     v0.0[0m
[0;32mI (396) cpu_start: Max chip rev:     v3.99 [0m
[0;32mI (401) cpu_start: Chip rev:         v3.0[0m
[0;32mI (406) heap_init: Initializing. RAM available for dynamic allocation:[0m
[0;32mI (413) heap_init: At 3FFAFF10 len 000000F0 (0 KiB): DRAM[0m
[0;32mI (419) heap_init: At 3FFB6388 len 00001C78 (7 KiB): DRAM[0m
[0;32mI (425) heap_init: At 3FFB9A20 len 00004108 (16 KiB): DRAM[0m
[0;32mI (431) heap_init: At 3FFC5540 len 0001AAC0 (106 KiB): DRAM[0m
[0;32mI (437) heap_init: At 3FFE0440 len 00003AE0 (14 KiB): D/IRAM[0m
[0;32mI (443) heap_init: At 3FFE4350 len 0001BCB0 (111 KiB): D/IRAM[0m
[0;32mI (450) heap_init: At 4009A05C len 00005FA4 (23 KiB): IRAM[0m
[0;32mI (458) spi_flash: detected chip: generic[0m
[0;32mI (461) spi_flash: flash io: dio[0m
[0;33mW (465) spi_flash: Detected size(4096k) larger than the size in the binary image header(2048k). Using the size in the binary image header.[0m
[0;33mW (478) timer_group: legacy driver is deprecated, please migrate to `driver/gptimer.h`[0m
[0;32mI (487) coexist: coex firmware version: 77cd7f8[0m
[0;32mI (492) main_task: Started on CPU0[0m
[0;32mI (502) main_task: Calling app_main()[0m
[0;32mI (522) BTDM_INIT: BT controller compile version [0f0c5a2][0m
[0;32mI (532) BTDM_INIT: Bluetooth MAC: 7c:87:ce:2d:5b:0e[0m
[0;32mI (532) phy_init: phy_version 4791,2c4672b,Dec 20 2023,16:06:06[0m
[0;32mI (862) gpio: GPIO[32]| InputEn: 0| OutputEn: 0| OpenDrain: 0| Pullup: 0| Pulldown: 0| Intr:0 [0m
[0;32mI (872) ADC_CONTINUOUS: ADC continuous mode started[0m
[0;32mI (892) NimBLE: Failed to restore IRKs from store; status=8
[0m
[0;32mI (14952) BOOT BUTTON:: Button Pressed FOR 3 SECOND
[0m
[0;32mI (14952) NimBLE: GAP procedure initiated: advertise; [0m
[0;32mI (14952) NimBLE: disc_mode=2[0m
[0;32mI (14952) NimBLE:  adv_channel_map=0 own_addr_type=0 adv_filter_policy=0 adv_itvl_min=0 adv_itvl_max=0[0m
[0;32mI (14962) NimBLE: 
[0m
[0;32mI (24492) ADC_CONTINUOUS: Time between threshold crossings: 679984 us[0m
[0;32mI (25112) ADC_CONTINUOUS: Time between threshold crossings: 619992 us[0m
[0;32mI (25692) ADC_CONTINUOUS: Time between threshold crossings: 580002 us[0m
[0;32mI (26302) ADC_CONTINUOUS: Time between threshold crossings: 609998 us[0m
[0;32mI (26812) ADC_CONTINUOUS: Time between threshold crossings: 510000 us[0m
[0;32mI (27322) ADC_CONTINUOUS: Time between threshold crossings: 510001 us[0m
[0;32mI (27792) ADC_CONTINUOUS: Time between threshold crossings: 470006 us[0m
[0;32mI (28082) ADC_CONTINUOUS: Time between threshold crossings: 289998 us[0m
[0;32mI (28232) ADC_CONTINUOUS: Time between threshold crossings: 150002 us[0m
[0;32mI (40132) ADC_CONTINUOUS: Time between threshold crossings: 11900004 us[0m
[0;32mI (44602) ADC_CONTINUOUS: Time between threshold crossings: 4469989 us[0m
[0;32mI (44922) ADC_CONTINUOUS: Time between threshold crossings: 320001 us[0m
[0;32mI (44942) ADC_CONTINUOUS: Time between threshold crossings: 20175 us[0m
[0;32mI (45322) ADC_CONTINUOUS: Time between threshold crossings: 379963 us[0m
[0;32mI (45832) ADC_CONTINUOUS: Time between threshold crossings: 510006 us[0m
[0;32mI (46222) ADC_CONTINUOUS: Time between threshold crossings: 389855 us[0m
[0;32mI (46432) ADC_CONTINUOUS: Time between threshold crossings: 210000 us[0m
[0;32mI (46612) ADC_CONTINUOUS: Time between threshold crossings: 180004 us[0m
[0;32mI (46802) ADC_CONTINUOUS: Time between threshold crossings: 189994 us[0m
[0;32mI (46992) ADC_CONTINUOUS: Time between threshold crossings: 190002 us[0m
[0;32mI (47362) ADC_CONTINUOUS: Time between threshold crossings: 370001 us[0m
[0;32mI (47532) ADC_CONTINUOUS: Time between threshold crossings: 169997 us[0m
[0;32mI (48062) ADC_CONTINUOUS: Time between threshold crossings: 530002 us[0m
[0;32mI (49012) ADC_CONTINUOUS: Time between threshold crossings: 950000 us[0m
[0;32mI (49902) ADC_CONTINUOUS: Time between threshold crossings: 890007 us[0m
[0;32mI (50582) ADC_CONTINUOUS: Time between threshold crossings: 680000 us[0m
[0;32mI (50682) ADC_CONTINUOUS: Time between threshold crossings: 99991 us[0m
[0;32mI (50852) ADC_CONTINUOUS: Time between threshold crossings: 170000 us[0m
[0;32mI (51372) ADC_CONTINUOUS: Time between threshold crossings: 520055 us[0m
[0;32mI (52142) ADC_CONTINUOUS: Time between threshold crossings: 769948 us[0m
[0;32mI (56452) ADC_CONTINUOUS: Time between threshold crossings: 4309999 us[0m
[0;32mI (57332) ADC_CONTINUOUS: Time between threshold crossings: 880044 us[0m
[0;32mI (57532) ADC_CONTINUOUS: Time between threshold crossings: 199952 us[0m
[0;32mI (57772) ADC_CONTINUOUS: Time between threshold crossings: 240055 us[0m
[0;32mI (58052) ADC_CONTINUOUS: Time between threshold crossings: 279949 us[0m
[0;32mI (58312) ADC_CONTINUOUS: Time between threshold crossings: 260000 us[0m
[0;32mI (58522) ADC_CONTINUOUS: Time between threshold crossings: 209997 us[0m
[0;32mI (58712) ADC_CONTINUOUS: Time between threshold crossings: 189999 us[0m
[0;32mI (58942) ADC_CONTINUOUS: Time between threshold crossings: 230011 us[0m
[0;32mI (59162) ADC_CONTINUOUS: Time between threshold crossings: 220000 us[0m
[0;32mI (59382) ADC_CONTINUOUS: Time between threshold crossings: 220004 us[0m
[0;32mI (59572) ADC_CONTINUOUS: Time between threshold crossings: 190042 us[0m
[0;32mI (59772) ADC_CONTINUOUS: Time between threshold crossings: 199996 us[0m
[0;32mI (59982) ADC_CONTINUOUS: Time between threshold crossings: 209947 us[0m
[0;32mI (60192) ADC_CONTINUOUS: Time between threshold crossings: 210004 us[0m
[0;32mI (60372) ADC_CONTINUOUS: Time between threshold crossings: 180058 us[0m
[0;32mI (114692) GAP: BLE GAP EVENT CONNECT OK![0m
[0;32mI (114772) NimBLE: GAP procedure initiated: advertise; [0m
[0;32mI (114772) NimBLE: disc_mode=2[0m
[0;32mI (114772) NimBLE:  adv_channel_map=0 own_addr_type=0 adv_filter_policy=0 adv_itvl_min=0 adv_itvl_max=0[0m
[0;32mI (114772) NimBLE: 
[0m
[0;32mI (126192) ADC_CONTINUOUS: Time between threshold crossings: 65819966 us[0m
[0;32mI (133552) ADC_CONTINUOUS: Time between threshold crossings: 7359997 us[0m
[0;32mI (133622) ADC_CONTINUOUS: Time between threshold crossings: 69987 us[0m
[0;32mI (152242) ADC_CONTINUOUS: Time between threshold crossings: 18620020 us[0m
[0;32mI (280882) ADC_CONTINUOUS: Time between threshold crossings: 128640052 us[0m
[0;32mI (280902) ADC_CONTINUOUS: Time between threshold crossings: 19913 us[0m
[0;32mI (280982) ADC_CONTINUOUS: Time between threshold crossings: 80122 us[0m
[0;32mI (281002) ADC_CONTINUOUS: Time between threshold crossings: 19879 us[0m
[0;32mI (281022) ADC_CONTINUOUS: Time between threshold crossings: 20004 us[0m
