ï¿½ï¿½ï¿½ï¿½ï¿½ï¿½m[0m
[0;32mI ets Jul 29 2019 12:21:46

rst:0x1 (POWERON_RESET),boot:0x13 (SPI_FAST_FLASH_BOOT)
configsip: 0, SPIWP:0xee
clk_drv:0x00,q_drv:0x00,d_drv:0x00,cs0_drv:0x00,hd_drv:0x00,wp_drv:0x00
mode:DIO, clock div:2
load:0x3fff0030,len:7172
load:0x40078000,len:15540
load:0x40080400,len:4
ho 8 tail 4 room 4
load:0x40080404,len:3904
entry 0x40080640
[0;32mI (31) boot: ESP-IDF v5.2.1 2nd stage bootloader[0m
[0;32mI (31) boot: compile time Jun  3 2024 15:19:52[0m
[0;32mI (31) boot: Multicore bootloader[0m
[0;32mI (35) boot: chip revision: v3.0[0m
[0;32mI (39) boot.esp32: SPI Speed      : 40MHz[0m
[0;32mI (44) boot.esp32: SPI Mode       : DIO[0m
[0;32mI (48) boot.esp32: SPI Flash Size : 2MB[0m
[0;32mI (53) boot: Enabling RNG early entropy source...[0m
[0;32mI (58) boot: Partition Table:[0m
[0;32mI (62) boot: ## Label            Usage          Type ST Offset   Length[0m
[0;32mI (69) boot:  0 nvs              WiFi data        01 02 00009000 00006000[0m
[0;32mI (77) boot:  1 phy_init         RF data          01 01 0000f000 00001000[0m
[0;32mI (84) boot:  2 factory          factory app      00 00 00010000 00100000[0m
[0;32mI (92) boot: End of partition table[0m
[0;32mI (96) esp_image: segment 0: paddr=00010020 vaddr=3f400020 size=1b41ch (111644) map[0m
[0;32mI (142) esp_image: segment 1: paddr=0002b444 vaddr=3ffbdb60 size=04bb8h ( 19384) load[0m
[0;32mI (150) esp_image: segment 2: paddr=00030004 vaddr=40080000 size=00014h (    20) load[0m
[0;32mI (150) esp_image: segment 3: paddr=00030020 vaddr=400d0020 size=5bf1ch (376604) map[0m
[0;32mI (286) esp_image: segment 4: paddr=0008bf44 vaddr=40080014 size=1a004h (106500) load[0m
[0;32mI (341) boot: Loaded app from partition at offset 0x10000[0m
[0;32mI (341) boot: Disabling RNG early entropy source...[0m
[0;32mI (352) cpu_start: Multicore app[0m
[0;32mI (361) cpu_start: Pro cpu start user code[0m
[0;32mI (361) cpu_start: cpu freq: 160000000 Hz[0m
[0;32mI (361) cpu_start: Application information:[0m
[0;32mI (364) cpu_start: Project name:     Speedometer[0m
[0;32mI (370) cpu_start: App version:      cdb2ade-dirty[0m
[0;32mI (375) cpu_start: Compile time:     Jun  3 2024 18:47:38[0m
[0;32mI (381) cpu_start: ELF file SHA256:  e1568f000...[0m
[0;32mI (387) cpu_start: ESP-IDF:          v5.2.1[0m
[0;32mI (391) cpu_start: Min chip rev:     v0.0[0m
[0;32mI (396) cpu_start: Max chip rev:     v3.99 [0m
[0;32mI (401) cpu_start: Chip rev:         v3.0[0m
[0;32mI (406) heap_init: Initializing. RAM available for dynamic allocation:[0m
[0;32mI (413) heap_init: At 3FFAFF10 len 000000F0 (0 KiB): DRAM[0m
[0;32mI (419) heap_init: At 3FFB6388 len 00001C78 (7 KiB): DRAM[0m
[0;32mI (425) heap_init: At 3FFB9A20 len 00004108 (16 KiB): DRAM[0m
[0;32mI (431) heap_init: At 3FFC5520 len 0001AAE0 (106 KiB): DRAM[0m
[0;32mI (437) heap_init: At 3FFE0440 len 00003AE0 (14 KiB): D/IRAM[0m
[0;32mI (444) heap_init: At 3FFE4350 len 0001BCB0 (111 KiB): D/IRAM[0m
[0;32mI (450) heap_init: At 4009A018 len 00005FE8 (23 KiB): IRAM[0m
[0;32mI (458) spi_flash: detected chip: generic[0m
[0;32mI (461) spi_flash: flash io: dio[0m
[0;33mW (465) spi_flash: Detected size(4096k) larger than the size in the binary image header(2048k). Using the size in the binary image header.[0m
[0;32mI (479) coexist: coex firmware version: 77cd7f8[0m
[0;32mI (484) main_task: Started on CPU0[0m
[0;32mI (494) main_task: Calling app_main()[0m
[0;32mI (524) BTDM_INIT: BT controller compile version [0f0c5a2][0m
[0;32mI (524) BTDM_INIT: Bluetooth MAC: 7c:87:ce:2d:5b:0e[0m
[0;32mI (524) phy_init: phy_version 4791,2c4672b,Dec 20 2023,16:06:06[0m
[0;33mW (524) phy_init: failed to load RF calibration data (0xffffffff), falling back to full calibration[0m
[0;32mI (874) gpio: GPIO[32]| InputEn: 0| OutputEn: 0| OpenDrain: 0| Pullup: 0| Pulldown: 0| Intr:0 [0m
[0;32mI (884) ADC_CONTINUOUS: ADC continuous mode started[0m
[0;32mI (904) NimBLE: Failed to restore IRKs from store; status=8
[0m
[0;32mI (7774) BOOT BUTTON:: Button Pressed FOR 3 SECOND
[0m
[0;32mI (7774) NimBLE: GAP procedure initiated: advertise; [0m
[0;32mI (7774) NimBLE: disc_mode=2[0m
[0;32mI (7774) NimBLE:  adv_channel_map=0 own_addr_type=0 adv_filter_policy=0 adv_itvl_min=0 adv_itvl_max=0[0m
[0;32mI (7784) NimBLE: 
[0m
