eï¿½ets Jun  8 2016 00:22:57

rst:0x1 (POWERON_RESET),boot:0x17 (SPI_FAST_FLASH_BOOT)
configsip: 0, SPIWP:0xee
clk_drv:0x00,q_drv:0x00,d_drv:0x00,cs0_drv:0x00,hd_drv:0x00,wp_drv:0x00
mode:DIO, clock div:2
load:0x3fff0030,len:7172
load:0x40078000,len:15540
load:0x40080400,len:4
ho 8 tail 4 room 4
load:0x40080404,len:3904
entry 0x40080640
[0;32mI (30) boot: ESP-IDF v5.2.1 2nd stage bootloader[0m
[0;32mI (30) boot: compile time May 22 2024 14:22:17[0m
[0;32mI (31) boot: Multicore bootloader[0m
[0;32mI (35) boot: chip revision: v1.1[0m
[0;32mI (38) boot.esp32: SPI Speed      : 40MHz[0m
[0;32mI (43) boot.esp32: SPI Mode       : DIO[0m
[0;32mI (48) boot.esp32: SPI Flash Size : 2MB[0m
[0;32mI (52) boot: Enabling RNG early entropy source...[0m
[0;32mI (58) boot: Partition Table:[0m
[0;32mI (61) boot: ## Label            Usage          Type ST Offset   Length[0m
[0;32mI (68) boot:  0 nvs              WiFi data        01 02 00009000 00006000[0m
[0;32mI (76) boot:  1 phy_init         RF data          01 01 0000f000 00001000[0m
[0;32mI (83) boot:  2 factory          factory app      00 00 00010000 00100000[0m
[0;32mI (91) boot: End of partition table[0m
[0;32mI (95) esp_image: segment 0: paddr=00010020 vaddr=3f400020 size=19c9ch (105628) map[0m
[0;32mI (140) esp_image: segment 1: paddr=00029cc4 vaddr=3ffbdb60 size=04b98h ( 19352) load[0m
[0;32mI (147) esp_image: segment 2: paddr=0002e864 vaddr=40080000 size=017b4h (  6068) load[0m
[0;32mI (150) esp_image: segment 3: paddr=00030020 vaddr=400d0020 size=595c4h (366020) map[0m
[0;32mI (279) esp_image: segment 4: paddr=000895ec vaddr=400817b4 size=1793ch ( 96572) load[0m
[0;32mI (330) boot: Loaded app from partition at offset 0x10000[0m
[0;32mI (330) boot: Disabling RNG early entropy source...[0m
[0;32mI (342) cpu_start: Multicore app[0m
[0;32mI (351) cpu_start: Pro cpu start user code[0m
[0;32mI (351) cpu_start: cpu freq: 160000000 Hz[0m
[0;32mI (351) cpu_start: Application information:[0m
[0;32mI (354) cpu_start: Project name:     Speedometer[0m
[0;32mI (359) cpu_start: App version:      1[0m
[0;32mI (363) cpu_start: Compile time:     May 22 2024 14:21:29[0m
[0;32mI (369) cpu_start: ELF file SHA256:  e7bf7074f...[0m
[0;32mI (375) cpu_start: ESP-IDF:          v5.2.1[0m
[0;32mI (380) cpu_start: Min chip rev:     v0.0[0m
[0;32mI (384) cpu_start: Max chip rev:     v3.99 [0m
[0;32mI (389) cpu_start: Chip rev:         v1.1[0m
[0;32mI (394) heap_init: Initializing. RAM available for dynamic allocation:[0m
[0;32mI (401) heap_init: At 3FFAFF10 len 000000F0 (0 KiB): DRAM[0m
[0;32mI (407) heap_init: At 3FFB6388 len 00001C78 (7 KiB): DRAM[0m
[0;32mI (413) heap_init: At 3FFB9A20 len 00004108 (16 KiB): DRAM[0m
[0;32mI (419) heap_init: At 3FFC54E8 len 0001AB18 (106 KiB): DRAM[0m
[0;32mI (426) heap_init: At 3FFE0440 len 00003AE0 (14 KiB): D/IRAM[0m
[0;32mI (432) heap_init: At 3FFE4350 len 0001BCB0 (111 KiB): D/IRAM[0m
[0;32mI (438) heap_init: At 400990F0 len 00006F10 (27 KiB): IRAM[0m
[0;32mI (446) spi_flash: detected chip: generic[0m
[0;32mI (449) spi_flash: flash io: dio[0m
[0;33mW (453) spi_flash: Detected size(4096k) larger than the size in the binary image header(2048k). Using the size in the binary image header.[0m
[0;32mI (467) coexist: coex firmware version: 77cd7f8[0m
[0;32mI (472) main_task: Started on CPU0[0m
[0;32mI (482) main_task: Calling app_main()[0m
[0;32mI (492) BTDM_INIT: BT controller compile version [0f0c5a2][0m
[0;32mI (492) BTDM_INIT: Bluetooth MAC: 08:f9:e0:e2:1a:8e[0m
[0;32mI (502) phy_init: phy_version 4791,2c4672b,Dec 20 2023,16:06:06[0m
[0;32mI (822) main_task: Returned from app_main()[0m
[0;32mI (862) NimBLE: Failed to restore IRKs from store; status=8
[0m
[0;32mI (29422) BOOT BUTTON:: Button Pressed FOR 3 SECOND
[0m
[0;32mI (29422) NimBLE: GAP procedure initiated: advertise; [0m
[0;32mI (29422) NimBLE: disc_mode=2[0m
[0;32mI (29422) NimBLE:  adv_channel_map=0 own_addr_type=0 adv_filter_policy=0 adv_itvl_min=0 adv_itvl_max=0[0m
[0;32mI (29432) NimBLE: 
[0m
[0;32mI (41272) GAP: BLE GAP EVENT CONNECT OK![0m
[0;32mI (41342) NimBLE: GAP procedure initiated: advertise; [0m
[0;32mI (41342) NimBLE: disc_mode=2[0m
[0;32mI (41342) NimBLE:  adv_channel_map=0 own_addr_type=0 adv_filter_policy=0 adv_itvl_min=0 adv_itvl_max=0[0m
[0;32mI (41342) NimBLE: 
[0m
