ets Jï¿½ets Jun  8 2016 00:22:57

rst:0x1 (POWERON_RESET),boot:0x17 (SPI_FAST_FLASH_BOOT)
configsip: 0, SPIWP:0xee
clk_drv:0x00,q_drv:0x00,d_drv:0x00,cs0_drv:0x00,hd_drv:0x00,wp_drv:0x00
mode:DIO, clock div:2
load:0x3fff0030,len:7172
load:0x40078000,len:15540
load:0x40080400,len:4
ho 8 tail 4 room 4
load:0x40080404,len:3904
entry 0x40080640
[0;32mI (30) boot: ESP-IDF v5.2.1 2nd stage bootloader[0m
[0;32mI (30) boot: compile time Jun  3 2024 15:19:52[0m
[0;32mI (31) boot: Multicore bootloader[0m
[0;32mI (35) boot: chip revision: v1.1[0m
[0;32mI (38) boot.esp32: SPI Speed      : 40MHz[0m
[0;32mI (43) boot.esp32: SPI Mode       : DIO[0m
[0;32mI (48) boot.esp32: SPI Flash Size : 2MB[0m
[0;32mI (52) boot: Enabling RNG early entropy source...[0m
[0;32mI (58) boot: Partition Table:[0m
[0;32mI (61) boot: ## Label            Usage          Type ST Offset   Length[0m
[0;32mI (68) boot:  0 nvs              WiFi data        01 02 00009000 00006000[0m
[0;32mI (76) boot:  1 phy_init         RF data          01 01 0000f000 00001000[0m
[0;32mI (83) boot:  2 factory          factory app      00 00 00010000 00100000[0m
[0;32mI (91) boot: End of partition table[0m
[0;32mI (95) esp_image: segment 0: paddr=00010020 vaddr=3f400020 size=0b584h ( 46468) map[0m
[0;32mI (119) esp_image: segment 1: paddr=0001b5ac vaddr=3ffbdb60 size=034fch ( 13564) load[0m
[0;32mI (125) esp_image: segment 2: paddr=0001eab0 vaddr=40080000 size=01568h (  5480) load[0m
[0;32mI (127) esp_image: segment 3: paddr=00020020 vaddr=400d0020 size=19bfch (105468) map[0m
[0;32mI (170) esp_image: segment 4: paddr=00039c24 vaddr=40081568 size=0c70ch ( 50956) load[0m
[0;32mI (197) boot: Loaded app from partition at offset 0x10000[0m
[0;32mI (197) boot: Disabling RNG early entropy source...[0m
[0;32mI (209) cpu_start: Multicore app[0m
[0;32mI (218) cpu_start: Pro cpu start user code[0m
[0;32mI (218) cpu_start: cpu freq: 160000000 Hz[0m
[0;32mI (218) cpu_start: Application information:[0m
[0;32mI (221) cpu_start: Project name:     Speedometer[0m
[0;32mI (226) cpu_start: App version:      cdb2ade-dirty[0m
[0;32mI (231) cpu_start: Compile time:     Jun  3 2024 18:47:38[0m
[0;32mI (238) cpu_start: ELF file SHA256:  674931ffc...[0m
[0;32mI (243) cpu_start: ESP-IDF:          v5.2.1[0m
[0;32mI (248) cpu_start: Min chip rev:     v0.0[0m
[0;32mI (252) cpu_start: Max chip rev:     v3.99 [0m
[0;32mI (257) cpu_start: Chip rev:         v1.1[0m
[0;32mI (262) heap_init: Initializing. RAM available for dynamic allocation:[0m
[0;32mI (269) heap_init: At 3FFAE6E0 len 0000F480 (61 KiB): DRAM[0m
[0;32mI (275) heap_init: At 3FFC1970 len 0001E690 (121 KiB): DRAM[0m
[0;32mI (282) heap_init: At 3FFE0440 len 00003AE0 (14 KiB): D/IRAM[0m
[0;32mI (288) heap_init: At 3FFE4350 len 0001BCB0 (111 KiB): D/IRAM[0m
[0;32mI (294) heap_init: At 4008DC74 len 0001238C (72 KiB): IRAM[0m
[0;32mI (302) spi_flash: detected chip: generic[0m
[0;32mI (305) spi_flash: flash io: dio[0m
[0;33mW (309) spi_flash: Detected size(4096k) larger than the size in the binary image header(2048k). Using the size in the binary image header.[0m
[0;32mI (323) coexist: coex firmware version: 77cd7f8[0m
[0;32mI (328) main_task: Started on CPU0[0m
[0;32mI (338) main_task: Calling app_main()[0m
[0;32mI (338) gpio: GPIO[32]| InputEn: 0| OutputEn: 0| OpenDrain: 0| Pullup: 0| Pulldown: 0| Intr:0 [0m
[0;32mI (338) ADC_CONTINUOUS: ADC continuous mode started[0m

***ERROR*** A stack overflow in task sensor_func has been detected.


Backtrace: 0x40081772:0x3ffb3450 0x40086bd1:0x3ffb3470 0x40087966:0x3ffb3490 0x4008897b:0x3ffb3510 0x40087a70:0x3ffb3530 0x40087a22:0x3ffb3640 0x3ffb365d:0x3ffb3680 |<-CORRUPTED




ELF file SHA256: 674931ffc

Rebooting...
ets Jun  8 2016 00:22:57

rst:0xc (SW_CPU_RESET),boot:0x17 (SPI_FAST_FLASH_BOOT)
configsip: 0, SPIWP:0xee
clk_drv:0x00,q_drv:0x00,d_drv:0x00,cs0_drv:0x00,hd_drv:0x00,wp_drv:0x00
mode:DIO, clock div:2
load:0x3fff0030,len:7172
load:0x40078000,len:15540
load:0x40080400,len:4
ho 8 tail 4 room 4
load:0x40080404,len:3904
entry 0x40080640
[0;32mI (30) boot: ESP-IDF v5.2.1 2nd stage bootloader[0m
[0;32mI (31) boot: compile time Jun  3 2024 15:19:52[0m
[0;32mI (31) boot: Multicore bootloader[0m
[0;32mI (35) boot: chip revision: v1.1[0m
[0;32mI (39) boot.esp32: SPI Speed      : 40MHz[0m
[0;32mI (44) boot.esp32: SPI Mode       : DIO[0m
[0;32mI (48) boot.esp32: SPI Flash Size : 2MB[0m
[0;32mI (53) boot: Enabling RNG early entropy source...[0m
[0;32mI (58) boot: Partition Table:[0m
[0;32mI (62) boot: ## Label            Usage          Type ST Offset   Length[0m
[0;32mI (69) boot:  0 nvs              WiFi data        01 02 00009000 00006000[0m
[0;32mI (76) boot:  1 phy_init         RF data          01 01 0000f000 00001000[0m
[0;32mI (84) boot:  2 factory          factory app      00 00 00010000 00100000[0m
[0;32mI (91) boot: End of partition table[0m
[0;32mI (96) esp_image: segment 0: paddr=00010020 vaddr=3f400020 size=0b584h ( 46468) map[0m
[0;32mI (120) esp_image: segment 1: paddr=0001b5ac vaddr=3ffbdb60 size=034fch ( 13564) load[0m
[0;32mI (125) esp_image: segment 2: paddr=0001eab0 vaddr=40080000 size=01568h (  5480) load[0m
[0;32mI (128) esp_image: segment 3: paddr=00020020 vaddr=400d0020 size=19bfch (105468) map[0m
[0;32mI (170) esp_image: segment 4: paddr=00039c24 vaddr=40081568 size=0c70ch ( 50956) load[0m
[0;32mI (198) boot: Loaded app from partition at offset 0x10000[0m
[0;32mI (198) boot: Disabling RNG early entropy source...[0m
[0;32mI (209) cpu_start: Multicore app[0m
[0;32mI (218) cpu_start: Pro cpu start user code[0m
[0;32mI (218) cpu_start: cpu freq: 160000000 Hz[0m
[0;32mI (218) cpu_start: Application information:[0m
[0;32mI (221) cpu_start: Project name:     Speedometer[0m
[0;32mI (226) cpu_start: App version:      cdb2ade-dirty[0m
[0;32mI (232) cpu_start: Compile time:     Jun  3 2024 18:47:38[0m
[0;32mI (238) cpu_start: ELF file SHA256:  674931ffc...[0m
[0;32mI (243) cpu_start: ESP-IDF:          v5.2.1[0m
[0;32mI (248) cpu_start: Min chip rev:     v0.0[0m
[0;32mI (253) cpu_start: Max chip rev:     v3.99 [0m
[0;32mI (258) cpu_start: Chip rev:         v1.1[0m
[0;32mI (263) heap_init: Initializing. RAM available for dynamic allocation:[0m
[0;32mI (270) heap_init: At 3FFAE6E0 len 0000F480 (61 KiB): DRAM[0m
[0;32mI (276) heap_init: At 3FFC1970 len 0001E690 (121 KiB): DRAM[0m
[0;32mI (282) heap_init: At 3FFE0440 len 00003AE0 (14 KiB): D/IRAM[0m
[0;32mI (288) heap_init: At 3FFE4350 len 0001BCB0 (111 KiB): D/IRAM[0m
[0;32mI (295) heap_init: At 4008DC74 len 0001238C (72 KiB): IRAM[0m
[0;32mI (303) spi_flash: detected chip: generic[0m
[0;32mI (306) spi_flash: flash io: dio[0m
[0;33mW (310) spi_flash: Detected size(4096k) larger than the size in the binary image header(2048k). Using the size in the binary image header.[0m
[0;32mI (323) coexist: coex firmware version: 77cd7f8[0m
[0;32mI (329) main_task: Started on CPU0[0m
[0;32mI (339) main_task: Calling app_main()[0m
[0;32mI (339) gpio: GPIO[32]| InputEn: 0| OutputEn: 0| OpenDrain: 0| Pullup: 0| Pulldown: 0| Intr:0 [0m
[0;32mI (339) ADC_CONTINUOUS: ADC continuous mode started[0m

***ERROR*** A stack overflow in task sensor_func has been detected.


Backtrace: 0x40081772:0x3ffb3450 0x40086bd1:0x3ffb3470 0x40087966:0x3ffb3490 0x4008897b:0x3ffb3510 0x40087a70:0x3ffb3530 0x40087a22:0x3ffb3640 0x3ffb365d:0x3ffb3680 |<-CORRUPTED




ELF file SHA256: 674931ffc

Rebooting...
ets Jun  8 2016 00:22:57

rst:0xc (SW_CPU_RESET),boot:0x17 (SPI_FAST_FLASH_BOOT)
configsip: 0, SPIWP:0xee
clk_drv:0x00,q_drv:0x00,d_drv:0x00,cs0_drv:0x00,hd_drv:0x00,wp_drv:0x00
mode:DIO, clock div:2
load:0x3fff0030,len:7172
load:0x40078000,len:15540
load:0x40080400,len:4
ho 8 tail 4 room 4
load:0x40080404,len:3904
entry 0x40080640
[0;32mI (30) boot: ESP-IDF v5.2.1 2nd stage bootloader[0m
[0;32mI (31) boot: compile time Jun  3 2024 15:19:52[0m
[0;32mI (31) boot: Multicore bootloader[0m
[0;32mI (35) boot: chip revision: v1.1[0m
[0;32mI (39) boot.esp32: SPI Speed      : 40MHz[0m
[0;32mI (44) boot.esp32: SPI Mode       : DIO[0m
[0;32mI (48) boot.esp32: SPI Flash Size : 2MB[0m
[0;32mI (53) boot: Enabling RNG early entropy source...[0m
[0;32mI (58) boot: Partition Table:[0m
[0;32mI (62) boot: ## Label            Usage          Type ST Offset   Length[0m
[0;32mI (69) boot:  0 nvs              WiFi data        01 02 00009000 00006000[0m
[0;32mI (76) boot:  1 phy_init         RF data          01 01 0000f000 00001000[0m
[0;32mI (84) boot:  2 factory          factory app      00 00 00010000 00100000[0m
[0;32mI (91) boot: End of partition table[0m
[0;32mI (96) esp_image: segment 0: paddr=00010020 vaddr=3f400020 size=0b584h ( 46468) map[0m
[0;32mI (120) esp_image: segment 1: paddr=0001b5ac vaddr=3ffbdb60 size=034fch ( 13564) load[0m
[0;32mI (125) esp_image: segment 2: paddr=0001eab0 vaddr=40080000 size=01568h (  5480) load[0m
[0;32mI (128) esp_image: segment 3: paddr=00020020 vaddr=400d0020 size=19bfch (105468) map[0m
[0;32mI (170) esp_image: segment 4: paddr=00039c24 vaddr=40081568 size=0c70ch ( 50956) load[0m
[0;32mI (198) boot: Loaded app from partition at offset 0x10000[0m
[0;32mI (198) boot: Disabling RNG early entropy source...[0m
[0;32mI (209) cpu_start: Multicore app[0m
[0;32mI (218) cpu_start: Pro cpu start user code[0m
[0;32mI (218) cpu_start: cpu freq: 160000000 Hz[0m
[0;32mI (218) cpu_start: Application information:[0m
[0;32mI (221) cpu_start: Project name:     Speedometer[0m
[0;32mI (226) cpu_start: App version:      cdb2ade-dirty[0m
[0;32mI (232) cpu_start: Compile time:     Jun  3 2024 18:47:38[0m
[0;32mI (238) cpu_start: ELF file SHA256:  674931ffc...[0m
[0;32mI (243) cpu_start: ESP-IDF:          v5.2.1[0m
[0;32mI (248) cpu_start: Min chip rev:     v0.0[0m
[0;32mI (253) cpu_start: Max chip rev:     v3.99 [0m
[0;32mI (258) cpu_start: Chip rev:         v1.1[0m
[0;32mI (263) heap_init: Initializing. RAM available for dynamic allocation:[0m
[0;32mI (270) heap_init: At 3FFAE6E0 len 0000F480 (61 KiB): DRAM[0m
[0;32mI (276) heap_init: At 3FFC1970 len 0001E690 (121 KiB): DRAM[0m
[0;32mI (282) heap_init: At 3FFE0440 len 00003AE0 (14 KiB): D/IRAM[0m
[0;32mI (288) heap_init: At 3FFE4350 len 0001BCB0 (111 KiB): D/IRAM[0m
[0;32mI (295) heap_init: At 4008DC74 len 0001238C (72 KiB): IRAM[0m
[0;32mI (303) spi_flash: detected chip: generic[0m
[0;32mI (306) spi_flash: flash io: dio[0m
[0;33mW (310) spi_flash: Detected size(4096k) larger than the size in the binary image header(2048k). Using the size in the binary image header.[0m
[0;32mI (323) coexist: coex firmware version: 77cd7f8[0m
[0;32mI (329) main_task: Started on CPU0[0m
[0;32mI (339) main_task: Calling app_main()[0m
[0;32mI (339) gpio: GPIO[32]| InputEn: 0| OutputEn: 0| OpenDrain: 0| Pullup: 0| Pulldown: 0| Intr:0 [0m
[0;32mI (339) ADC_CONTINUOUS: ADC continuous mode started[0m

***ERROR*** A stack overflow in task sensor_func has been detected.


Backtrace: 0x40081772:0x3ffb3450 0x40086bd1:0x3ffb3470 0x40087966:0x3ffb3490 0x4008897b:0x3ffb3510 0x40087a70:0x3ffb3530 0x40087a22:0x3ffb3640 0x3ffb365d:0x3ffb3680 |<-CORRUPTED




ELF file SHA256: 674931ffc

Rebooting...
ets Jun  8 2016 00:22:57

rst:0xc (SW_CPU_RESET),boot:0x17 (SPI_FAST_FLASH_BOOT)
configsip: 0, SPIWP:0xee
clk_drv:0x00,q_drv:0x00,d_drv:0x00,cs0_drv:0x00,hd_drv:0x00,wp_drv:0x00
mode:DIO, clock div:2
load:0x3fff0030,len:7172
load:0x40078000,len:15540
load:0x40080400,len:4
ho 8 tail 4 room 4
load:0x40080404,len:3904
entry 0x40080640
[0;32mI (30) boot: ESP-IDF v5.2.1 2nd stage bootloader[0m
[0;32mI (31) boot: compile time Jun  3 2024 15:19:52[0m
[0;32mI (31) boot: Multicore bootloader[0m
[0;32mI (35) boot: chip revision: v1.1[0m
[0;32mI (39) boot.esp32: SPI Speed      : 40MHz[0m
[0;32mI (44) boot.esp32: SPI Mode       : DIO[0m
[0;32mI (48) boot.esp32: SPI Flash Size : 2MB[0m
[0;32mI (53) boot: Enabling RNG early entropy source...[0m
[0;32mI (58) boot: Partition Table:[0m
[0;32mI (62) boot: ## Label            Usage          Type ST Offset   Length[0m
[0;32mI (69) boot:  0 nvs              WiFi data        01 02 00009000 00006000[0m
[0;32mI (76) boot:  1 phy_init         RF data          01 01 0000f000 00001000[0m
[0;32mI (84) boot:  2 factory          factory app      00 00 00010000 00100000[0m
[0;32mI (91) boot: End of partition table[0m
[0;32mI (96) esp_image: segment 0: paddr=00010020 vaddr=3f400020 size=0b584h ( 46468) map[0m
[0;32mI (120) esp_image: segment 1: paddr=0001b5ac vaddr=3ffbdb60 size=034fch ( 13564) load[0m
[0;32mI (125) esp_image: segment 2: paddr=0001eab0 vaddr=40080000 size=01568h (  5480) load[0m
[0;32mI (128) esp_image: segment 3: paddr=00020020 vaddr=400d0020 size=19bfch (105468) map[0m
[0;32mI (170) esp_image: segment 4: paddr=00039c24 vaddr=40081568 size=0c70ch ( 50956) load[0m
[0;32mI (198) boot: Loaded app from partition at offset 0x10000[0m
[0;32mI (198) boot: Disabling RNG early entropy source...[0m
[0;32mI (209) cpu_start: Multicore app[0m
[0;32mI (218) cpu_start: Pro cpu start user code[0m
[0;32mI (218) cpu_start: cpu freq: 160000000 Hz[0m
[0;32mI (218) cpu_start: Application information:[0m
[0;32mI (221) cpu_start: Project name:     Speedometer[0m
[0;32mI (226) cpu_start: App version:      cdb2ade-dirty[0m
[0;32mI (232) cpu_start: Compile time:     Jun  3 2024 18:47:38[0m
[0;32mI (238) cpu_start: ELF file SHA256:  674931ffc...[0m
[0;32mI (243) cpu_start: ESP-IDF:          v5.2.1[0m
[0;32mI (248) cpu_start: Min chip rev:     v0.0[0m
[0;32mI (253) cpu_start: Max chip rev:     v3.99 [0m
[0;32mI (258) cpu_start: Chip rev:         v1.1[0m
[0;32mI (263) heap_init: Initializing. RAM available for dynamic allocation:[0m
[0;32mI (270) heap_init: At 3FFAE6E0 len 0000F480 (61 KiB): DRAM[0m
[0;32mI (276) heap_init: At 3FFC1970 len 0001E690 (121 KiB): DRAM[0m
[0;32mI (282) heap_init: At 3FFE0440 len 00003AE0 (14 KiB): D/IRAM[0m
[0;32mI (288) heap_init: At 3FFE4350 len 0001BCB0 (111 KiB): D/IRAM[0m
[0;32mI (295) heap_init: At 4008DC74 len 0001238C (72 KiB): IRAM[0m
[0;32mI (303) spi_flash: detected chip: generic[0m
[0;32mI (306) spi_flash: flash io: dio[0m
[0;33mW (310) spi_flash: Detected size(4096k) larger than the size in the binary image header(2048k). Using the size in the binary image header.[0m
[0;32mI (323) coexist: coex firmware version: 77cd7f8[0m
[0;32mI (329) main_task: Started on CPU0[0m
[0;32mI (339) main_task: Calling app_main()[0m
[0;32mI (339) gpio: GPIO[32]| InputEn: 0| OutputEn: 0| OpenDrain: 0| Pullup: 0| Pulldown: 0| Intr:0 [0m
[0;32mI (339) ADC_CONTINUOUS: ADC continuous mode started[0m

***ERROR*** A stack overflow in task sensor_func has been detected.


Backtrace: 0x40081772:0x3ffb3450 0x40086bd1:0x3ffb3470 0x40087966:0x3ffb3490 0x4008897b:0x3ffb3510 0x40087a70:0x3ffb3530 0x40087a22:0x3ffb3640 0x3ffb365d:0x3ffb3680 |<-CORRUPTED




ELF file SHA256: 674931ffc

Rebooting...
ets Jun  8 2016 00:22:57

rst:0xc (SW_CPU_RESET),boot:0x17 (SPI_FAST_FLASH_BOOT)
configsip: 0, SPIWP:0xee
clk_drv:0x00,q_drv:0x00,d_drv:0x00,cs0_drv:0x00,hd_drv:0x00,wp_drv:0x00
mode:DIO, clock div:2
load:0x3fff0030,len:7172
load:0x40078000,len:15540
load:0x40080400,len:4
ho 8 tail 4 room 4
load:0x40080404,len:3904
entry 0x40080640
[0;32mI (30) boot: ESP-IDF v5.2.1 2nd stage bootloader[0m
[0;32mI (31) boot: compile time Jun  3 2024 15:19:52[0m
[0;32mI (31) boot: Multicore bootloader[0m
[0;32mI (35) boot: chip revision: v1.1[0m
[0;32mI (39) boot.esp32: SPI Speed      : 40MHz[0m
[0;32mI (44) boot.esp32: SPI Mode       : DIO[0m
[0;32mI (48) boot.esp32: SPI Flash Size : 2MB[0m
[0;32mI (53) boot: Enabling RNG early entropy source...[0m
[0;32mI (58) boot: Partition Table:[0m
[0;32mI (62) boot: ## Label            Usage          Type ST Offset   Length[0m
[0;32mI (69) boot:  0 nvs              WiFi data        01 02 00009000 00006000[0m
[0;32mI (76) boot:  1 phy_init         RF data          01 01 0000f000 00001000[0m
[0;32mI (84) boot:  2 factory          factory app      00 00 00010000 00100000[0m
[0;32mI (91) boot: End of partition table[0m
[0;32mI (96) esp_image: segment 0: paddr=00010020 vaddr=3f400020 size=0b584h ( 46468) map[0m
[0;32mI (120) esp_image: segment 1: paddr=0001b5ac vaddr=3ffbdb60 size=034fch ( 13564) load[0m
[0;32mI (125) esp_image: segment 2: paddr=0001eab0 vaddr=40080000 size=01568h (  5480) load[0m
[0;32mI (128) esp_image: segment 3: paddr=00020020 vaddr=400d0020 size=19bfch (105468) map[0m
[0;32mI (170) esp_image: segment 4: paddr=00039c24 vaddr=40081568 size=0c70ch ( 50956) load[0m
[0;32mI (198) boot: Loaded app from partition at offset 0x10000[0m
[0;32mI (198) boot: Disabling RNG early entropy source...[0m
[0;32mI (209) cpu_start: Multicore app[0m
[0;32mI (218) cpu_start: Pro cpu start user code[0m
[0;32mI (218) cpu_start: cpu freq: 160000000 Hz[0m
[0;32mI (218) cpu_start: Application information:[0m
[0;32mI (221) cpu_start: Project name:     Speedometer[0m
[0;32mI (226) cpu_start: App version:      cdb2ade-dirty[0m
[0;32mI (232) cpu_start: Compile time:     Jun  3 2024 18:47:38[0m
[0;32mI (238) cpu_start: ELF file SHA256:  674931ffc...[0m
[0;32mI (243) cpu_start: ESP-IDF:          v5.2.1[0m
[0;32mI (248) cpu_start: Min chip rev:     v0.0[0m
[0;32mI (253) cpu_start: Max chip rev:     v3.99 [0m
[0;32mI (258) cpu_start: Chip rev:         v1.1[0m
[0;32mI (263) heap_init: Initializing. RAM available for dynamic allocation:[0m
[0;32mI (270) heap_init: At 3FFAE6E0 len 0000F480 (61 KiB): DRAM[0m
[0;32mI (276) heap_init: At 3FFC1970 len 0001E690 (121 KiB): DRAM[0m
[0;32mI (282) heap_init: At 3FFE0440 len 00003AE0 (14 KiB): D/IRAM[0m
[0;32mI (288) heap_init: At 3FFE4350 len 0001BCB0 (111 KiB): D/IRAM[0m
[0;32mI (295) heap_init: At 4008DC74 len 0001238C (72 KiB): IRAM[0m
[0;32mI (303) spi_flash: detected chip: generic[0m
[0;32mI (306) spi_flash: flash io: dio[0m
[0;33mW (310) spi_flash: Detected size(4096k) larger than the size in the binary image header(2048k). Using the size in the binary image header.[0m
[0;32mI (323) coexist: coex firmware version: 77cd7f8[0m
[0;32mI (329) main_task: Started on CPU0[0m
[0;32mI (339) main_task: Calling app_main()[0m
[0;32mI (339) gpio: GPIO[32]| InputEn: 0| OutputEn: 0| OpenDrain: 0| Pullup: 0| Pulldown: 0| Intr:0 [0m
[0;32mI (339) ADC_CONTINUOUS: ADC continuous mode started[0m

***ERROR*** A stack overflow in task sensor_func has been detected.


Backtrace: 0x40081772:0x3ffb3450 0x40086bd1:0x3ffb3470 0x40087966:0x3ffb3490 0x4008897b:0x3ffb3510 0x40087a70:0x3ffb3530 0x40087a22:0x3ffb3640 0x3ffb365d:0x3ffb3680 |<-CORRUPTED




ELF file SHA256: 674931ffc

Rebooting...
ets Jun  8 2016 00:22:57

rst:0xc (SW_CPU_RESET),boot:0x17 (SPI_FAST_FLASH_BOOT)
configsip: 0, SPIWP:0xee
clk_drv:0x00,q_drv:0x00,d_drv:0x00,cs0_drv:0x00,hd_drv:0x00,wp_drv:0x00
mode:DIO, clock div:2
load:0x3fff0030,len:7172
load:0x40078000,len:15540
load:0x40080400,len:4
ho 8 tail 4 room 4
load:0x40080404,len:3904
entry 0x40080640
[0;32mI (30) boot: ESP-IDF v5.2.1 2nd stage bootloader[0m
[0;32mI (31) boot: compile time Jun  3 2024 15:19:52[0m
[0;32mI (31) boot: Multicore bootloader[0m
[0;32mI (35) boot: chip revision: v1.1[0m
[0;32mI (39) boot.esp32: SPI Speed      : 40MHz[0m
[0;32mI (44) boot.esp32: SPI Mode       : DIO[0m
[0;32mI (48) boot.esp32: SPI Flash Size : 2MB[0m
[0;32mI (53) boot: Enabling RNG early entropy source...[0m
[0;32mI (58) boot: Partition Table:[0m
[0;32mI (62) boot: ## Label            Usage          Type ST Offset   Length[0m
[0;32mI (69) boot:  0 nvs              WiFi data        01 02 00009000 00006000[0m
[0;32mI (76) boot:  1 phy_init         RF data          01 01 0000f000 00001000[0m
[0;32mI (84) boot:  2 factory          factory app      00 00 00010000 00100000[0m
[0;32mI (91) boot: End of partition table[0m
[0;32mI (96) esp_image: segment 0: paddr=00010020 vaddr=3f400020 size=0b584h ( 46468) map[0m
[0;32mI (120) esp_image: segment 1: paddr=0001b5ac vaddr=3ffbdb60 size=034fch ( 13564) load[0m
[0;32mI (125) esp_image: segment 2: paddr=0001eab0 vaddr=40080000 size=01568h (  5480) load[0m
[0;32mI (128) esp_image: segment 3: paddr=00020020 vaddr=400d0020 size=19bfch (105468) map[0m
[0;32mI (170) esp_image: segment 4: paddr=00039c24 vaddr=40081568 size=0c70ch ( 50956) load[0m
[0;32mI (198) boot: Loaded app from partition at offset 0x10000[0m
[0;32mI (198) boot: Disabling RNG early entropy source...[0m
[0;32mI (209) cpu_start: Multicore app[0m
[0;32mI (218) cpu_start: Pro cpu start user code[0m
[0;32mI (218) cpu_start: cpu freq: 160000000 Hz[0m
[0;32mI (218) cpu_start: Application information:[0m
[0;32mI (221) cpu_start: Project name:     Speedometer[0m
[0;32mI (226) cpu_start: App version:      cdb2ade-dirty[0m
[0;32mI (232) cpu_start: Compile time:     Jun  3 2024 18:47:38[0m
[0;32mI (238) cpu_start: ELF file SHA256:  674931ffc...[0m
[0;32mI (243) cpu_start: ESP-IDF:          v5.2.1[0m
[0;32mI (248) cpu_start: Min chip rev:     v0.0[0m
[0;32mI (253) cpu_start: Max chip rev:     v3.99 [0m
[0;32mI (258) cpu_start: Chip rev:         v1.1[0m
[0;32mI (263) heap_init: Initializing. RAM available for dynamic allocation:[0m
[0;32mI (270) heap_init: At 3FFAE6E0 len 0000F480 (61 KiB): DRAM[0m
[0;32mI (276) heap_init: At 3FFC1970 len 0001E690 (121 KiB): DRAM[0m
[0;32mI (282) heap_init: At 3FFE0440 len 00003AE0 (14 KiB): D/IRAM[0m
[0;32mI (288) heap_init: At 3FFE4350 len 0001BCB0 (111 KiB): D/IRAM[0m
[0;32mI (295) heap_init: At 4008DC74 len 0001238C (72 KiB): IRAM[0m
[0;32mI (303) spi_flash: detected chip: generic[0m
[0;32mI (306) spi_flash: flash io: dio[0m
[0;33mW (310) spi_flash: Detected size(4096k) larger than the size in the binary image header(2048k). Using the size in the binary image header.[0m
[0;32mI (323) coexist: coex firmware version: 77cd7f8[0m
[0;32mI (329) main_task: Started on CPU0[0m
[0;32mI (339) main_task: Calling app_main()[0m
[0;32mI (339) gpio: GPIO[32]| InputEn: 0| OutputEn: 0| OpenDrain: 0| Pullup: 0| Pulldown: 0| Intr:0 [0m
[0;32mI (339) ADC_CONTINUOUS: ADC continuous mode started[0m

***ERROR*** A stack overflow in task sensor_func has been detected.


Backtrace: 0x40081772:0x3ffb3450 0x40086bd1:0x3ffb3470 0x40087966:0x3ffb3490 0x4008897b:0x3ffb3510 0x40087a70:0x3ffb3530 0x40087a22:0x3ffb3640 0x3ffb365d:0x3ffb3680 |<-CORRUPTED




ELF file SHA256: 674931ffc

Rebooting...
ets Jun  8 2016 00:22:57

rst:0xc (SW_CPU_RESET),boot:0x17 (SPI_FAST_FLASH_BOOT)
configsip: 0, SPIWP:0xee
clk_drv:0x00,q_drv:0x00,d_drv:0x00,cs0_drv:0x00,hd_drv:0x00,wp_drv:0x00
mode:DIO, clock div:2
load:0x3fff0030,len:7172
load:0x40078000,len:15540
load:0x40080400,len:4
ho 8 tail 4 room 4
load:0x40080404,len:3904
entry 0x40080640
[0;32mI (30) boot: ESP-IDF v5.2.1 2nd stage bootloader[0m
[0;32mI (31) boot: compile time Jun  3 2024 15:19:52[0m
[0;32mI (31) boot: Multicore bootloader[0m
[0;32mI (35) boot: chip revision: v1.1[0m
[0;32mI (39) boot.esp32: SPI Speed      : 40MHz[0m
[0;32mI (44) boot.esp32: SPI Mode       : DIO[0m
[0;32mI (48) boot.esp32: SPI Flash Size : 2MB[0m
[0;32mI (53) boot: Enabling RNG early entropy source...[0m
[0;32mI (58) boot: Partition Table:[0m
[0;32mI (62) boot: ## Label            Usage          Type ST Offset   Length[0m
[0;32mI (69) boot:  0 nvs              WiFi data        01 02 00009000 00006000[0m
[0;32mI (76) boot:  1 phy_init         RF data          01 01 0000f000 00001000[0m
[0;32mI (84) boot:  2 factory          factory app      00 00 00010000 00100000[0m
[0;32mI (91) boot: End of partition table[0m
[0;32mI (96) esp_image: segment 0: paddr=00010020 vaddr=3f400020 size=0b584h ( 46468) map[0m
[0;32mI (120) esp_image: segment 1: paddr=0001b5ac vaddr=3ffbdb60 size=034fch ( 13564) load[0m
[0;32mI (125) esp_image: segment 2: paddr=0001eab0 vaddr=40080000 size=01568h (  5480) load[0m
[0;32mI (128) esp_image: segment 3: paddr=00020020 vaddr=400d0020 size=19bfch (105468) map[0m
[0;32mI (170) esp_image: segment 4: paddr=00039c24 vaddr=40081568 size=0c70ch ( 50956) load[0m
[0;32mI (198) boot: Loaded app from partition at offset 0x10000[0m
[0;32mI (198) boot: Disabling RNG early entropy source...[0m
[0;32mI (209) cpu_start: Multicore app[0m
[0;32mI (218) cpu_start: Pro cpu start user code[0m
[0;32mI (218) cpu_start: cpu freq: 160000000 Hz[0m
[0;32mI (218) cpu_start: Application information:[0m
[0;32mI (221) cpu_start: Project name:     Speedometer[0m
[0;32mI (226) cpu_start: App version:      cdb2ade-dirty[0m
[0;32mI (232) cpu_start: Compile time:     Jun  3 2024 18:47:38[0m
[0;32mI (238) cpu_start: ELF file SHA256:  674931ffc...[0m
[0;32mI (243) cpu_start: ESP-IDF:          v5.2.1[0m
[0;32mI (248) cpu_start: Min chip rev:     v0.0[0m
[0;32mI (253) cpu_start: Max chip rev:     v3.99 [0m
[0;32mI (258) cpu_start: Chip rev:         v1.1[0m
[0;32mI (263) heap_init: Initializing. RAM available for dynamic allocation:[0m
[0;32mI (270) heap_init: At 3FFAE6E0 len 0000F480 (61 KiB): DRAM[0m
[0;32mI (276) heap_init: At 3FFC1970 len 0001E690 (121 KiB): DRAM[0m
[0;32mI (282) heap_init: At 3FFE0440 len 00003AE0 (14 KiB): D/IRAM[0m
[0;32mI (288) heap_init: At 3FFE4350 len 0001BCB0 (111 KiB): D/IRAM[0m
[0;32mI (295) heap_init: At 4008DC74 len 0001238C (72 KiB): IRAM[0m
[0;32mI (303) spi_flash: detected chip: generic[0m
[0;32mI (306) spi_flash: flash io: dio[0m
[0;33mW (310) spi_flash: Detected size(4096k) larger than the size in the binary image header(2048k). Using the size in the binary image header.[0m
[0;32mI (323) coexist: coex firmware version: 77cd7f8[0m
[0;32mI (329) main_task: Started on CPU0[0m
[0;32mI (339) main_task: Calling app_main()[0m
[0;32mI (339) gpio: GPIO[32]| InputEn: 0| OutputEn: 0| OpenDrain: 0| Pullup: 0| Pulldown: 0| Intr:0 [0m
[0;32mI (339) ADC_CONTINUOUS: ADC continuous mode started[0m

***ERROR*** A stack overflow in task sensor_func has been detected.


Backtrace: 0x40081772:0x3ffb3450 0x40086bd1:0x3ffb3470 0x40087966:0x3ffb3490 0x4008897b:0x3ffb3510 0x40087a70:0x3ffb3530 0x40087a22:0x3ffb3640 0x3ffb365d:0x3ffb3680 |<-CORRUPTED




ELF file SHA256: 674931ffc

Rebooting...
ets Jun  8 2016 00:22:57

rst:0xc (SW_CPU_RESET),boot:0x17 (SPI_FAST_FLASH_BOOT)
configsip: 0, SPIWP:0xee
clk_drv:0x00,q_drv:0x00,d_drv:0x00,cs0_drv:0x00,hd_drv:0x00,wp_drv:0x00
mode:DIO, clock div:2
load:0x3fff0030,len:7172
load:0x40078000,len:15540
load:0x40080400,len:4
ho 8 tail 4 room 4
load:0x40080404,len:3904
entry 0x40080640
[0;32mI (30) boot: ESP-IDF v5.2.1 2nd stage bootloader[0m
[0;32mI (31) boot: compile time Jun  3 2024 15:19:52[0m
[0;32mI (31) boot: Multicore bootloader[0m
[0;32mI (35) boot: chip revision: v1.1[0m
[0;32mI (39) boot.esp32: SPI Speed      : 40MHz[0m
[0;32mI (44) boot.esp32: SPI Mode       : DIO[0m
[0;32mI (48) boot.esp32: SPI Flash Size : 2MB[0m
[0;32mI (53) boot: Enabling RNG early entropy source...[0m
[0;32mI (58) boot: Partition Table:[0m
[0;32mI (62) boot: ## Label            Usage          Type ST Offset   Length[0m
[0;32mI (69) boot:  0 nvs              WiFi data        01 02 00009000 00006000[0m
[0;32mI (76) boot:  1 phy_init         RF data          01 01 0000f000 00001000[0m
[0;32mI (84) boot:  2 factory          factory app      00 00 00010000 00100000[0m
[0;32mI (91) boot: End of partition table[0m
[0;32mI (96) esp_image: segment 0: paddr=00010020 vaddr=3f400020 size=0b584h ( 46468) map[0m
[0;32mI (120) esp_image: segment 1: paddr=0001b5ac vaddr=3ffbdb60 size=034fch ( 13564) load[0m
[0;32mI (125) esp_image: segment 2: paddr=0001eab0 vaddr=40080000 size=01568h (  5480) load[0m
[0;32mI (128) esp_image: segment 3: paddr=00020020 vaddr=400d0020 size=19bfch (105468) map[0m
[0;32mI (170) esp_image: segment 4: paddr=00039c24 vaddr=40081568 size=0c70ch ( 50956) load[0m
[0;32mI (198) boot: Loaded app from partition at offset 0x10000[0m
[0;32mI (198) boot: Disabling RNG early entropy source...[0m
[0;32mI (209) cpu_start: Multicore app[0m
[0;32mI (218) cpu_start: Pro cpu start user code[0m
[0;32mI (218) cpu_start: cpu freq: 160000000 Hz[0m
[0;32mI (218) cpu_start: Application information:[0m
[0;32mI (221) cpu_start: Project name:     Speedometer[0m
[0;32mI (226) cpu_start: App version:      cdb2ade-dirty[0m
[0;32mI (232) cpu_start: Compile time:     Jun  3 2024 18:47:38[0m
[0;32mI (238) cpu_start: ELF file SHA256:  674931ffc...[0m
[0;32mI (243) cpu_start: ESP-IDF:          v5.2.1[0m
[0;32mI (248) cpu_start: Min chip rev:     v0.0[0m
[0;32mI (253) cpu_start: Max chip rev:     v3.99 [0m
[0;32mI (258) cpu_start: Chip rev:         v1.1[0m
[0;32mI (263) heap_init: Initializing. RAM available for dynamic allocation:[0m
[0;32mI (270) heap_init: At 3FFAE6E0 len 0000F480 (61 KiB): DRAM[0m
[0;32mI (276) heap_init: At 3FFC1970 len 0001E690 (121 KiB): DRAM[0m
[0;32mI (282) heap_init: At 3FFE0440 len 00003AE0 (14 KiB): D/IRAM[0m
[0;32mI (288) heap_init: At 3FFE4350 len 0001BCB0 (111 KiB): D/IRAM[0m
[0;32mI (295) heap_init: At 4008DC74 len 0001238C (72 KiB): IRAM[0m
[0;32mI (303) spi_flash: detected chip: generic[0m
[0;32mI (306) spi_flash: flash io: dio[0m
[0;33mW (310) spi_flash: Detected size(4096k) larger than the size in the binary image header(2048k). Using the size in the binary image header.[0m
[0;32mI (323) coexist: coex firmware version: 77cd7f8[0m
[0;32mI (329) main_task: Started on CPU0[0m
[0;32mI (339) main_task: Calling app_main()[0m
[0;32mI (339) gpio: GPIO[32]| InputEn: 0| OutputEn: 0| OpenDrain: 0| Pullup: 0| Pulldown: 0| Intr:0 [0m
[0;32mI (339) ADC_CONTINUOUS: ADC continuous mode started[0m

***ERROR*** A stack overflow in task sensor_func has been detected.


Backtrace: 0x40081772:0x3ffb3450 0x40086bd1:0x3ffb3470 0x40087966:0x3ffb3490 0x4008897b:0x3ffb3510 0x40087a70:0x3ffb3530 0x40087a22:0x3ffb3640 0x3ffb365d:0x3ffb3680 |<-CORRUPTED




ELF file SHA256: 674931ffc

Rebooting...
ets Jun  8 2016 00:22:57

rst:0xc (SW_CPU_RESET),boot:0x17 (SPI_FAST_FLASH_BOOT)
configsip: 0, SPIWP:0xee
clk_drv:0x00,q_drv:0x00,d_drv:0x00,cs0_drv:0x00,hd_drv:0x00,wp_drv:0x00
mode:DIO, clock div:2
load:0x3fff0030,len:7172
load:0x40078000,len:15540
load:0x40080400,len:4
ho 8 tail 4 room 4
load:0x40080404,len:3904
entry 0x40080640
[0;32mI (30) boot: ESP-IDF v5.2.1 2nd stage bootloader[0m
[0;32mI (31) boot: compile time Jun  3 2024 15:19:52[0m
[0;32mI (31) boot: Multicore bootloader[0m
[0;32mI (35) boot: chip revision: v1.1[0m
[0;32mI (39) boot.esp32: SPI Speed      : 40MHz[0m
[0;32mI (44) boot.esp32: SPI Mode       : DIO[0m
[0;32mI (48) boot.esp32: SPI Flash Size : 2MB[0m
[0;32mI (53) boot: Enabling RNG early entropy source...[0m
[0;32mI (58) boot: Partition Table:[0m
[0;32mI (62) boot: ## Label            Usage          Type ST Offset   Length[0m
[0;32mI (69) boot:  0 nvs              WiFi data        01 02 00009000 00006000[0m
[0;32mI (76) boot:  1 phy_init         RF data          01 01 0000f000 00001000[0m
[0;32mI (84) boot:  2 factory          factory app      00 00 00010000 00100000[0m
[0;32mI (91) boot: End of partition table[0m
[0;32mI (96) esp_image: segment 0: paddr=00010020 vaddr=3f400020 size=0b584h ( 46468) map[0m
[0;32mI (120) esp_image: segment 1: paddr=0001b5ac vaddr=3ffbdb60 size=034fch ( 13564) load[0m
[0;32mI (125) esp_image: segment 2: paddr=0001eab0 vaddr=40080000 size=01568h (  5480) load[0m
[0;32mI (128) esp_image: segment 3: paddr=00020020 vaddr=400d0020 size=19bfch (105468) map[0m
[0;32mI (170) esp_image: segment 4: paddr=00039c24 vaddr=40081568 size=0c70ch ( 50956) load[0m
[0;32mI (198) boot: Loaded app from partition at offset 0x10000[0m
[0;32mI (198) boot: Disabling RNG early entropy source...[0m
[0;32mI (209) cpu_start: Multicore app[0m
[0;32mI (218) cpu_start: Pro cpu start user code[0m
[0;32mI (218) cpu_start: cpu freq: 160000000 Hz[0m
[0;32mI (218) cpu_start: Application information:[0m
[0;32mI (221) cpu_start: Project name:     Speedometer[0m
[0;32mI (226) cpu_start: App version:      cdb2ade-dirty[0m
[0;32mI (232) cpu_start: Compile time:     Jun  3 2024 18:47:38[0m
[0;32mI (238) cpu_start: ELF file SHA256:  674931ffc...[0m
[0;32mI (243) cpu_start: ESP-IDF:          v5.2.1[0m
[0;32mI (248) cpu_start: Min chip rev:     v0.0[0m
[0;32mI (253) cpu_start: Max chip rev:     v3.99 [0m
[0;32mI (258) cpu_start: Chip rev:         v1.1[0m
[0;32mI (263) heap_init: Initializing. RAM available for dynamic allocation:[0m
[0;32mI (270) heap_init: At 3FFAE6E0 len 0000F480 (61 KiB): DRAM[0m
[0;32mI (276) heap_init: At 3FFC1970 len 0001E690 (121 KiB): DRAM[0m
[0;32mI (282) heap_init: At 3FFE0440 len 00003AE0 (14 KiB): D/IRAM[0m
[0;32mI (288) heap_init: At 3FFE4350 len 0001BCB0 (111 KiB): D/IRAM[0m
[0;32mI (295) heap_init: At 4008DC74 len 0001238C (72 KiB): IRAM[0m
[0;32mI (303) spi_flash: detected chip: generic[0m
[0;32mI (306) spi_flash: flash io: dio[0m
[0;33mW (310) spi_flash: Detected size(4096k) larger than the size in the binary image header(2048k). Using the size in the binary image header.[0m
[0;32mI (323) coexist: coex firmware version: 77cd7f8[0m
[0;32mI (329) main_task: Started on CPU0[0m
[0;32mI (339) main_task: Calling app_main()[0m
[0;32mI (339) gpio: GPIO[32]| InputEn: 0| OutputEn: 0| OpenDrain: 0| Pullup: 0| Pulldown: 0| Intr:0 [0m
[0;32mI (339) ADC_CONTINUOUS: ADC continuous mode started[0m

***ERROR*** A stack overflow in task sensor_func has been detected.


Backtrace: 0x40081772:0x3ffb3450 0x40086bd1:0x3ffb3470 0x40087966:0x3ffb3490 0x4008897b:0x3ffb3510 0x40087a70:0x3ffb3530 0x40087a22:0x3ffb3640 0x3ffb365d:0x3ffb3680 |<-CORRUPTED




ELF file SHA256: 674931ffc

Rebooting...
ets Jun  8 2016 00:22:57

rst:0xc (SW_CPU_RESET),boot:0x17 (SPI_FAST_FLASH_BOOT)
configsip: 0, SPIWP:0xee
clk_drv:0x00,q_drv:0x00,d_drv:0x00,cs0_drv:0x00,hd_drv:0x00,wp_drv:0x00
mode:DIO, clock div:2
load:0x3fff0030,len:7172
load:0x40078000,len:15540
load:0x40080400,len:4
ho 8 tail 4 room 4
load:0x40080404,len:3904
entry 0x40080640
[0;32mI (30) boot: ESP-IDF v5.2.1 2nd stage bootloader[0m
[0;32mI (31) boot: compile time Jun  3 2024 15:19:52[0m
[0;32mI (31) boot: Multicore bootloader[0m
[0;32mI (35) boot: chip revision: v1.1[0m
[0;32mI (39) boot.esp32: SPI Speed      : 40MHz[0m
[0;32mI (44) boot.esp32: SPI Mode       : DIO[0m
[0;32mI (48) boot.esp32: SPI Flash Size : 2MB[0m
[0;32mI (53) boot: Enabling RNG early entropy source...[0m
[0;32mI (58) boot: Partition Table:[0m
[0;32mI (62) boot: ## Label            Usage          Type ST Offset   Length[0m
[0;32mI (69) boot:  0 nvs              WiFi data        01 02 00009000 00006000[0m
[0;32mI (76) boot:  1 phy_init         RF data          01 01 0000f000 00001000[0m
[0;32mI (84) boot:  2 factory          factory app      00 00 00010000 00100000[0m
[0;32mI (91) boot: End of partition table[0m
[0;32mI (96) esp_image: segment 0: paddr=00010020 vaddr=3f400020 size=0b584h ( 46468) map[0m
[0;32mI (120) esp_image: segment 1: paddr=0001b5ac vaddr=3ffbdb60 size=034fch ( 13564) load[0m
[0;32mI (125) esp_image: segment 2: paddr=0001eab0 vaddr=40080000 size=01568h (  5480) load[0m
[0;32mI (128) esp_image: segment 3: paddr=00020020 vaddr=400d0020 size=19bfch (105468) map[0m
[0;32mI (170) esp_image: segment 4: paddr=00039c24 vaddr=40081568 size=0c70ch ( 50956) load[0m
[0;32mI (198) boot: Loaded app from partition at offset 0x10000[0m
[0;32mI (198) boot: Disabling RNG early entropy source...[0m
[0;32mI (209) cpu_start: Multicore app[0m
[0;32mI (218) cpu_start: Pro cpu start user code[0m
[0;32mI (218) cpu_start: cpu freq: 160000000 Hz[0m
[0;32mI (218) cpu_start: Application information:[0m
[0;32mI (221) cpu_start: Project name:     Speedometer[0m
[0;32mI (226) cpu_start: App version:      cdb2ade-dirty[0m
[0;32mI (232) cpu_start: Compile time:     Jun  3 2024 18:47:38[0m
[0;32mI (238) cpu_start: ELF file SHA256:  674931ffc...[0m
[0;32mI (243) cpu_start: ESP-IDF:          v5.2.1[0m
[0;32mI (248) cpu_start: Min chip rev:     v0.0[0m
[0;32mI (253) cpu_start: Max chip rev:     v3.99 [0m
[0;32mI (258) cpu_start: Chip rev:         v1.1[0m
[0;32mI (263) heap_init: Initializing. RAM available for dynamic allocation:[0m
[0;32mI (270) heap_init: At 3FFAE6E0 len 0000F480 (61 KiB): DRAM[0m
[0;32mI (276) heap_init: At 3FFC1970 len 0001E690 (121 KiB): DRAM[0m
[0;32mI (282) heap_init: At 3FFE0440 len 00003AE0 (14 KiB): D/IRAM[0m
[0;32mI (288) heap_init: At 3FFE4350 len 0001BCB0 (111 KiB): D/IRAM[0m
[0;32mI (295) heap_init: At 4008DC74 len 0001238C (72 KiB): IRAM[0m
[0;32mI (303) spi_flash: detected chip: generic[0m
[0;32mI (306) spi_flash: flash io: dio[0m
[0;33mW (310) spi_flash: Detected size(4096k) larger than the size in the binary image header(2048k). Using the size in the binary image header.[0m
[0;32mI (323) coexist: coex firmware version: 77cd7f8[0m
[0;32mI (329) main_task: Started on CPU0[0m
[0;32mI (339) main_task: Calling app_main()[0m
[0;32mI (339) gpio: GPIO[32]| InputEn: 0| OutputEn: 0| OpenDrain: 0| Pullup: 0| Pulldown: 0| Intr:0 [0m
[0;32mI (339) ADC_CONTINUOUS: ADC continuous mode started[0m

***ERROR*** A stack overflow in task sensor_func has been detected.


Backtrace: 0x40081772:0x3ffb3450 0x40086bd1:0x3ffb3470 0x40087966:0x3ffb3490 0x4008897b:0x3ffb3510 0x40087a70:0x3ffb3530 0x40087a22:0x3ffb3640 0x3ffb365d:0x3ffb3680 |<-CORRUPTED




ELF file SHA256: 674931ffc

Rebooting...
ets Jun  8 2016 00:22:57

rst:0xc (SW_CPU_RESET),boot:0x17 (SPI_FAST_FLASH_BOOT)
configsip: 0, SPIWP:0xee
clk_drv:0x00,q_drv:0x00,d_drv:0x00,cs0_drv:0x00,hd_drv:0x00,wp_drv:0x00
mode:DIO, clock div:2
load:0x3fff0030,len:7172
load:0x40078000,len:15540
load:0x40080400,len:4
ho 8 tail 4 room 4
load:0x40080404,len:3904
entry 0x40080640
[0;32mI (30) boot: ESP-IDF v5.2.1 2nd stage bootloader[0m
[0;32mI (31) boot: compile time Jun  3 2024 15:19:52[0m
[0;32mI (31) boot: Multicore bootloader[0m
[0;32mI (35) boot: chip revision: v1.1[0m
[0;32mI (39) boot.esp32: SPI Speed      : 40MHz[0m
[0;32mI (44) boot.esp32: SPI Mode       : DIO[0m
[0;32mI (48) boot.esp32: SPI Flash Size : 2MB[0m
[0;32mI (53) boot: Enabling RNG early entropy source...[0m
[0;32mI (58) boot: Partition Table:[0m
[0;32mI (62) boot: ## Label            Usage          Type ST Offset   Length[0m
[0;32mI (69) boot:  0 nvs              WiFi data        01 02 00009000 00006000[0m
[0;32mI (76) boot:  1 phy_init         RF data          01 01 0000f000 00001000[0m
[0;32mI (84) boot:  2 factory          factory app      00 00 00010000 00100000[0m
[0;32mI (91) boot: End of partition table[0m
[0;32mI (96) esp_image: segment 0: paddr=00010020 vaddr=3f400020 size=0b584h ( 46468) map[0m
[0;32mI (120) esp_image: segment 1: paddr=0001b5ac vaddr=3ffbdb60 size=034fch ( 13564) load[0m
[0;32mI (125) esp_image: segment 2: paddr=0001eab0 vaddr=40080000 size=01568h (  5480) load[0m
[0;32mI (128) esp_image: segment 3: paddr=00020020 vaddr=400d0020 size=19bfch (105468) map[0m
[0;32mI (170) esp_image: segment 4: paddr=00039c24 vaddr=40081568 size=0c70ch ( 50956) load[0m
[0;32mI (198) boot: Loaded app from partition at offset 0x10000[0m
[0;32mI (198) boot: Disabling RNG early entropy source...[0m
[0;32mI (209) cpu_start: Multicore app[0m
[0;32mI (218) cpu_start: Pro cpu start user code[0m
[0;32mI (218) cpu_start: cpu freq: 160000000 Hz[0m
[0;32mI (218) cpu_start: Application information:[0m
[0;32mI (221) cpu_start: Project name:     Speedometer[0m
[0;32mI (226) cpu_start: App version:      cdb2ade-dirty[0m
[0;32mI (232) cpu_start: Compile time:     Jun  3 2024 18:47:38[0m
[0;32mI (238) cpu_start: ELF file SHA256:  674931ffc...[0m
[0;32mI (243) cpu_start: ESP-IDF:          v5.2.1[0m
[0;32mI (248) cpu_start: Min chip rev:     v0.0[0m
[0;32mI (253) cpu_start: Max chip rev:     v3.99 [0m
[0;32mI (258) cpu_start: Chip rev:         v1.1[0m
[0;32mI (263) heap_init: Initializing. RAM available for dynamic allocation:[0m
[0;32mI (270) heap_init: At 3FFAE6E0 len 0000F480 (61 KiB): DRAM[0m
[0;32mI (276) heap_init: At 3FFC1970 len 0001E690 (121 KiB): DRAM[0m
[0;32mI (282) heap_init: At 3FFE0440 len 00003AE0 (14 KiB): D/IRAM[0m
[0;32mI (288) heap_init: At 3FFE4350 len 0001BCB0 (111 KiB): D/IRAM[0m
[0;32mI (295) heap_init: At 4008DC74 len 0001238C (72 KiB): IRAM[0m
[0;32mI (303) spi_flash: detected chip: generic[0m
[0;32mI (306) spi_flash: flash io: dio[0m
[0;33mW (310) spi_flash: Detected size(4096k) larger than the size in the binary image header(2048k). Using the size in the binary image header.[0m
[0;32mI (323) coexist: coex firmware version: 77cd7f8[0m
[0;32mI (329) main_task: Started on CPU0[0m
[0;32mI (339) main_task: Calling app_main()[0m
[0;32mI (339) gpio: GPIO[32]| InputEn: 0| OutputEn: 0| OpenDrain: 0| Pullup: 0| Pulldown: 0| Intr:0 [0m
[0;32mI (339) ADC_CONTINUOUS: ADC continuous mode started[0m

***ERROR*** A stack overflow in task sensor_func has been detected.


Backtrace: 0x40081772:0x3ffb3450 0x40086bd1:0x3ffb3470 0x40087966:0x3ffb3490 0x4008897b:0x3ffb3510 0x40087a70:0x3ffb3530 0x40087a22:0x3ffb3640 0x3ffb365d:0x3ffb3680 |<-CORRUPTED




ELF file SHA256: 674931ffc

Rebooting...
ets Jun  8 2016 00:22:57

rst:0xc (SW_CPU_RESET),boot:0x17 (SPI_FAST_FLASH_BOOT)
configsip: 0, SPIWP:0xee
clk_drv:0x00,q_drv:0x00,d_drv:0x00,cs0_drv:0x00,hd_drv:0x00,wp_drv:0x00
mode:DIO, clock div:2
load:0x3fff0030,len:7172
load:0x40078000,len:15540
load:0x40080400,len:4
ho 8 tail 4 room 4
load:0x40080404,len:3904
entry 0x40080640
[0;32mI (30) boot: ESP-IDF v5.2.1 2nd stage bootloader[0m
[0;32mI (31) boot: compile time Jun  3 2024 15:19:52[0m
[0;32mI (31) boot: Multicore bootloader[0m
[0;32mI (35) boot: chip revision: v1.1[0m
[0;32mI (39) boot.esp32: SPI Speed      : 40MHz[0m
[0;32mI (44) boot.esp32: SPI Mode       : DIO[0m
[0;32mI (48) boot.esp32: SPI Flash Size : 2MB[0m
[0;32mI (53) boot: Enabling RNG early entropy source...[0m
[0;32mI (58) boot: Partition Table:[0m
[0;32mI (62) boot: ## Label            Usage          Type ST Offset   Length[0m
[0;32mI (69) boot:  0 nvs              WiFi data        01 02 00009000 00006000[0m
[0;32mI (76) boot:  1 phy_init         RF data          01 01 0000f000 00001000[0m
[0;32mI (84) boot:  2 factory          factory app      00 00 00010000 00100000[0m
[0;32mI (91) boot: End of partition table[0m
[0;32mI (96) esp_image: segment 0: paddr=00010020 vaddr=3f400020 size=0b584h ( 46468) map[0m
[0;32mI (120) esp_image: segment 1: paddr=0001b5ac vaddr=3ffbdb60 size=034fch ( 13564) load[0m
[0;32mI (125) esp_image: segment 2: paddr=0001eab0 vaddr=40080000 size=01568h (  5480) load[0m
[0;32mI (128) esp_image: segment 3: paddr=00020020 vaddr=400d0020 size=19bfch (105468) map[0m
[0;32mI (170) esp_image: segment 4: paddr=00039c24 vaddr=40081568 size=0c70ch ( 50956) load[0m
[0;32mI (198) boot: Loaded app from partition at offset 0x10000[0m
[0;32mI (198) boot: Disabling RNG early entropy source...[0m
[0;32mI (209) cpu_start: Multicore app[0m
[0;32mI (218) cpu_start: Pro cpu start user code[0m
[0;32mI (218) cpu_start: cpu freq: 160000000 Hz[0m
[0;32mI (218) cpu_start: Application information:[0m
[0;32mI (221) cpu_start: Project name:     Speedometer[0m
[0;32mI (226) cpu_start: App version:      cdb2ade-dirty[0m
[0;32mI (232) cpu_start: Compile time:     Jun  3 2024 18:47:38[0m
[0;32mI (238) cpu_start: ELF file SHA256:  674931ffc...[0m
[0;32mI (243) cpu_start: ESP-IDF:          v5.2.1[0m
[0;32mI (248) cpu_start: Min chip rev:     v0.0[0m
[0;32mI (253) cpu_start: Max chip rev:     v3.99 [0m
[0;32mI (258) cpu_start: Chip rev:         v1.1[0m
[0;32mI (263) heap_init: Initializing. RAM available for dynamic allocation:[0m
[0;32mI (270) heap_init: At 3FFAE6E0 len 0000F480 (61 KiB): DRAM[0m
[0;32mI (276) heap_init: At 3FFC1970 len 0001E690 (121 KiB): DRAM[0m
[0;32mI (282) heap_init: At 3FFE0440 len 00003AE0 (14 KiB): D/IRAM[0m
[0;32mI (288) heap_init: At 3FFE4350 len 0001BCB0 (111 KiB): D/IRAM[0m
[0;32mI (295) heap_init: At 4008DC74 len 0001238C (72 KiB): IRAM[0m
[0;32mI (303) spi_flash: detected chip: generic[0m
[0;32mI (306) spi_flash: flash io: dio[0m
[0;33mW (310) spi_flash: Detected size(4096k) larger than the size in the binary image header(2048k). Using the size in the binary image header.[0m
[0;32mI (323) coexist: coex firmware version: 77cd7f8[0m
[0;32mI (329) main_task: Started on CPU0[0m
[0;32mI (339) main_task: Calling app_main()[0m
[0;32mI (339) gpio: GPIO[32]| InputEn: 0| OutputEn: 0| OpenDrain: 0| Pullup: 0| Pulldown: 0| Intr:0 [0m
[0;32mI (339) ADC_CONTINUOUS: ADC continuous mode started[0m

***ERROR*** A stack overflow in task sensor_func has been detected.


Backtrace: 0x40081772:0x3ffb3450 0x40086bd1:0x3ffb3470 0x40087966:0x3ffb3490 0x4008897b:0x3ffb3510 0x40087a70:0x3ffb3530 0x40087a22:0x3ffb3640 0x3ffb365d:0x3ffb3680 |<-CORRUPTED




ELF file SHA256: 674931ffc

Rebooting...
ets Jun  8 2016 00:22:57

rst:0xc (SW_CPU_RESET),boot:0x17 (SPI_FAST_FLASH_BOOT)
configsip: 0, SPIWP:0xee
clk_drv:0x00,q_drv:0x00,d_drv:0x00,cs0_drv:0x00,hd_drv:0x00,wp_drv:0x00
mode:DIO, clock div:2
load:0x3fff0030,len:7172
load:0x40078000,len:15540
load:0x40080400,len:4
ho 8 tail 4 room 4
load:0x40080404,len:3904
entry 0x40080640
[0;32mI (30) boot: ESP-IDF v5.2.1 2nd stage bootloader[0m
[0;32mI (31) boot: compile time Jun  3 2024 15:19:52[0m
[0;32mI (31) boot: Multicore bootloader[0m
[0;32mI (35) boot: chip revision: v1.1[0m
[0;32mI (39) boot.esp32: SPI Speed      : 40MHz[0m
[0;32mI (44) boot.esp32: SPI Mode       : DIO[0m
[0;32mI (48) boot.esp32: SPI Flash Size : 2MB[0m
[0;32mI (53) boot: Enabling RNG early entropy source...[0m
[0;32mI (58) boot: Partition Table:[0m
[0;32mI (62) boot: ## Label            Usage          Type ST Offset   Length[0m
[0;32mI (69) boot:  0 nvs              WiFi data        01 02 00009000 00006000[0m
[0;32mI (76) boot:  1 phy_init         RF data          01 01 0000f000 00001000[0m
[0;32mI (84) boot:  2 factory          factory app      00 00 00010000 00100000[0m
[0;32mI (91) boot: End of partition table[0m
[0;32mI (96) esp_image: segment 0: paddr=00010020 vaddr=3f400020 size=0b584h ( 46468) map[0m
[0;32mI (120) esp_image: segment 1: paddr=0001b5ac vaddr=3ffbdb60 size=034fch ( 13564) load[0m
[0;32mI (125) esp_image: segment 2: paddr=0001eab0 vaddr=40080000 size=01568h (  5480) load[0m
[0;32mI (128) esp_image: segment 3: paddr=00020020 vaddr=400d0020 size=19bfch (105468) map[0m
[0;32mI (170) esp_image: segment 4: paddr=00039c24 vaddr=40081568 size=0c70ch ( 50956) load[0m
[0;32mI (198) boot: Loaded app from partition at offset 0x10000[0m
[0;32mI (198) boot: Disabling RNG early entropy source...[0m
[0;32mI (209) cpu_start: Multicore app[0m
[0;32mI (218) cpu_start: Pro cpu start user code[0m
[0;32mI (218) cpu_start: cpu freq: 160000000 Hz[0m
[0;32mI (218) cpu_start: Application information:[0m
[0;32mI (221) cpu_start: Project name:     Speedometer[0m
[0;32mI (226) cpu_start: App version:      cdb2ade-dirty[0m
[0;32mI (232) cpu_start: Compile time:     Jun  3 2024 18:47:38[0m
[0;32mI (238) cpu_start: ELF file SHA256:  674931ffc...[0m
[0;32mI (243) cpu_start: ESP-IDF:          v5.2.1[0m
[0;32mI (248) cpu_start: Min chip rev:     v0.0[0m
[0;32mI (253) cpu_start: Max chip rev:     v3.99 [0m
[0;32mI (258) cpu_start: Chip rev:         v1.1[0m
[0;32mI (263) heap_init: Initializing. RAM available for dynamic allocation:[0m
[0;32mI (270) heap_init: At 3FFAE6E0 len 0000F480 (61 KiB): DRAM[0m
[0;32mI (276) heap_init: At 3FFC1970 len 0001E690 (121 KiB): DRAM[0m
[0;32mI (282) heap_init: At 3FFE0440 len 00003AE0 (14 KiB): D/IRAM[0m
[0;32mI (288) heap_init: At 3FFE4350 len 0001BCB0 (111 KiB): D/IRAM[0m
[0;32mI (295) heap_init: At 4008DC74 len 0001238C (72 KiB): IRAM[0m
[0;32mI (303) spi_flash: detected chip: generic[0m
[0;32mI (306) spi_flash: flash io: dio[0m
[0;33mW (310) spi_flash: Detected size(4096k) larger than the size in the binary image header(2048k). Using the size in the binary image header.[0m
[0;32mI (323) coexist: coex firmware version: 77cd7f8[0m
[0;32mI (329) main_task: Started on CPU0[0m
[0;32mI (339) main_task: Calling app_main()[0m
[0;32mI (339) gpio: GPIO[32]| InputEn: 0| OutputEn: 0| OpenDrain: 0| Pullup: 0| Pulldown: 0| Intr:0 [0m
[0;32mI (339) ADC_CONTINUOUS: ADC continuous mode started[0m

***ERROR*** A stack overflow in task sensor_func has been detected.


Backtrace: 0x40081772:0x3ffb3450 0x40086bd1:0x3ffb3470 0x40087966:0x3ffb3490 0x4008897b:0x3ffb3510 0x40087a70:0x3ffb3530 0x40087a22:0x3ffb3640 0x3ffb365d:0x3ffb3680 |<-CORRUPTED




ELF file SHA256: 674931ffc

Rebooting...
ets Jun  8 2016 00:22:57

rst:0xc (SW_CPU_RESET),boot:0x17 (SPI_FAST_FLASH_BOOT)
configsip: 0, SPIWP:0xee
clk_drv:0x00,q_drv:0x00,d_drv:0x00,cs0_drv:0x00,hd_drv:0x00,wp_drv:0x00
mode:DIO, clock div:2
load:0x3fff0030,len:7172
load:0x40078000,len:15540
load:0x40080400,len:4
ho 8 tail 4 room 4
load:0x40080404,len:3904
entry 0x40080640
[0;32mI (30) boot: ESP-IDF v5.2.1 2nd stage bootloader[0m
[0;32mI (31) boot: compile time Jun  3 2024 15:19:52[0m
[0;32mI (31) boot: Multicore bootloader[0m
[0;32mI (35) boot: chip revision: v1.1[0m
[0;32mI (39) boot.esp32: SPI Speed      : 40MHz[0m
[0;32mI (44) boot.esp32: SPI Mode       : DIO[0m
[0;32mI (48) boot.esp32: SPI Flash Size : 2MB[0m
[0;32mI (53) boot: Enabling RNG early entropy source...[0m
[0;32mI (58) boot: Partition Table:[0m
[0;32mI (62) boot: ## Label            Usage          Type ST Offset   Length[0m
[0;32mI (69) boot:  0 nvs              WiFi data        01 02 00009000 00006000[0m
[0;32mI (76) boot:  1 phy_init         RF data          01 01 0000f000 00001000[0m
[0;32mI (84) boot:  2 factory          factory app      00 00 00010000 00100000[0m
[0;32mI (91) boot: End of partition table[0m
[0;32mI (96) esp_image: segment 0: paddr=00010020 vaddr=3f400020 size=0b584h ( 46468) map[0m
[0;32mI (120) esp_image: segment 1: paddr=0001b5ac vaddr=3ffbdb60 size=034fch ( 13564) load[0m
[0;32mI (125) esp_image: segment 2: paddr=0001eab0 vaddr=40080000 size=01568h (  5480) load[0m
[0;32mI (128) esp_image: segment 3: paddr=00020020 vaddr=400d0020 size=19bfch (105468) map[0m
[0;32mI (170) esp_image: segment 4: paddr=00039c24 vaddr=40081568 size=0c70ch ( 50956) load[0m
[0;32mI (198) boot: Loaded app from partition at offset 0x10000[0m
[0;32mI (198) boot: Disabling RNG early entropy source...[0m
[0;32mI (209) cpu_start: Multicore app[0m
[0;32mI (218) cpu_start: Pro cpu start user code[0m
[0;32mI (218) cpu_start: cpu freq: 160000000 Hz[0m
[0;32mI (218) cpu_start: Application information:[0m
[0;32mI (221) cpu_start: Project name:     Speedometer[0m
[0;32mI (226) cpu_start: App version:      cdb2ade-dirty[0m
[0;32mI (232) cpu_start: Compile time:     Jun  3 2024 18:47:38[0m
[0;32mI (238) cpu_start: ELF file SHA256:  674931ffc...[0m
[0;32mI (243) cpu_start: ESP-IDF:          v5.2.1[0m
[0;32mI (248) cpu_start: Min chip rev:     v0.0[0m
[0;32mI (253) cpu_start: Max chip rev:     v3.99 [0m
[0;32mI (258) cpu_start: Chip rev:         v1.1[0m
[0;32mI (263) heap_init: Initializing. RAM available for dynamic allocation:[0m
[0;32mI (270) heap_init: At 3FFAE6E0 len 0000F480 (61 KiB): DRAM[0m
[0;32mI (276) heap_init: At 3FFC1970 len 0001E690 (121 KiB): DRAM[0m
[0;32mI (282) heap_init: At 3FFE0440 len 00003AE0 (14 KiB): D/IRAM[0m
[0;32mI (288) heap_init: At 3FFE4350 len 0001BCB0 (111 KiB): D/IRAM[0m
[0;32mI (295) heap_init: At 4008DC74 len 0001238C (72 KiB): IRAM[0m
[0;32mI (303) spi_flash: detected chip: generic[0m
[0;32mI (306) spi_flash: flash io: dio[0m
[0;33mW (310) spi_flash: Detected size(4096k) larger than the size in the binary image header(2048k). Using the size in the binary image header.[0m
[0;32mI (323) coexist: coex firmware version: 77cd7f8[0m
[0;32mI (329) main_task: Started on CPU0[0m
[0;32mI (339) main_task: Calling app_main()[0m
[0;32mI (339) gpio: GPIO[32]| InputEn: 0| OutputEn: 0| OpenDrain: 0| Pullup: 0| Pulldown: 0| Intr:0 [0m
[0;32mI (339) ADC_CONTINUOUS: ADC continuous mode started[0m

***ERROR*** A stack overflow in task sensor_func has been detected.


Backtrace: 0x40081772:0x3ffb3450 0x40086bd1:0x3ffb3470 0x40087966:0x3ffb3490 0x4008897b:0x3ffb3510 0x40087a70:0x3ffb3530 0x40087a22:0x3ffb3640 0x3ffb365d:0x3ffb3680 |<-CORRUPTED




ELF file SHA256: 674931ffc

Rebooting...
ets Jun  8 2016 00:22:57

rst:0xc (SW_CPU_RESET),boot:0x17 (SPI_FAST_FLASH_BOOT)
configsip: 0, SPIWP:0xee
clk_drv:0x00,q_drv:0x00,d_drv:0x00,cs0_drv:0x00,hd_drv:0x00,wp_drv:0x00
mode:DIO, clock div:2
load:0x3fff0030,len:7172
load:0x40078000,len:15540
load:0x40080400,len:4
ho 8 tail 4 room 4
load:0x40080404,len:3904
entry 0x40080640
[0;32mI (30) boot: ESP-IDF v5.2.1 2nd stage bootloader[0m
[0;32mI (31) boot: compile time Jun  3 2024 15:19:52[0m
[0;32mI (31) boot: Multicore bootloader[0m
[0;32mI (35) boot: chip revision: v1.1[0m
[0;32mI (39) boot.esp32: SPI Speed      : 40MHz[0m
[0;32mI (44) boot.esp32: SPI Mode       : DIO[0m
[0;32mI (48) boot.esp32: SPI Flash Size : 2MB[0m
[0;32mI (53) boot: Enabling RNG early entropy source...[0m
[0;32mI (58) boot: Partition Table:[0m
[0;32mI (62) boot: ## Label            Usage          Type ST Offset   Length[0m
[0;32mI (69) boot:  0 nvs              WiFi data        01 02 00009000 00006000[0m
[0;32mI (76) boot:  1 phy_init         RF data          01 01 0000f000 00001000[0m
[0;32mI (84) boot:  2 factory          factory app      00 00 00010000 00100000[0m
[0;32mI (91) boot: End of partition table[0m
[0;32mI (96) esp_image: segment 0: paddr=00010020 vaddr=3f400020 size=0b584h ( 46468) map[0m
[0;32mI (120) esp_image: segment 1: paddr=0001b5ac vaddr=3ffbdb60 size=034fch ( 13564) load[0m
[0;32mI (125) esp_image: segment 2: paddr=0001eab0 vaddr=40080000 size=01568h (  5480) load[0m
[0;32mI (128) esp_image: segment 3: paddr=00020020 vaddr=400d0020 size=19bfch (105468) map[0m
[0;32mI (170) esp_image: segment 4: paddr=00039c24 vaddr=40081568 size=0c70ch ( 50956) load[0m
[0;32mI (198) boot: Loaded app from partition at offset 0x10000[0m
[0;32mI (198) boot: Disabling RNG early entropy source...[0m
[0;32mI (209) cpu_start: Multicore app[0m
[0;32mI (218) cpu_start: Pro cpu start user code[0m
[0;32mI (218) cpu_start: cpu freq: 160000000 Hz[0m
[0;32mI (218) cpu_start: Application information:[0m
[0;32mI (221) cpu_start: Project name:     Speedometer[0m
[0;32mI (226) cpu_start: App version:      cdb2ade-dirty[0m
[0;32mI (232) cpu_start: Compile time:     Jun  3 2024 18:47:38[0m
[0;32mI (238) cpu_start: ELF file SHA256:  674931ffc...[0m
[0;32mI (243) cpu_start: ESP-IDF:          v5.2.1[0m
[0;32mI (248) cpu_start: Min chip rev:     v0.0[0m
[0;32mI (253) cpu_start: Max chip rev:     v3.99 [0m
[0;32mI (258) cpu_start: Chip rev:         v1.1[0m
[0;32mI (263) heap_init: Initializing. RAM available for dynamic allocation:[0m
[0;32mI (270) heap_init: At 3FFAE6E0 len 0000F480 (61 KiB): DRAM[0m
[0;32mI (276) heap_init: At 3FFC1970 len 0001E690 (121 KiB): DRAM[0m
[0;32mI (282) heap_init: At 3FFE0440 len 00003AE0 (14 KiB): D/IRAM[0m
[0;32mI (288) heap_init: At 3FFE4350 len 0001BCB0 (111 KiB): D/IRAM[0m
[0;32mI (295) heap_init: At 4008DC74 len 0001238C (72 KiB): IRAM[0m
[0;32mI (303) spi_flash: detected chip: generic[0m
[0;32mI (306) spi_flash: flash io: dio[0m
[0;33mW (310) spi_flash: Detected size(4096k) larger than the size in the binary image header(2048k). Using the size in the binary image header.[0m
[0;32mI (323) coexist: coex firmware version: 77cd7f8[0m
[0;32mI (329) main_task: Started on CPU0[0m
[0;32mI (339) main_task: Calling app_main()[0m
[0;32mI (339) gpio: GPIO[32]| InputEn: 0| OutputEn: 0| OpenDrain: 0| Pullup: 0| Pulldown: 0| Intr:0 [0m
[0;32mI (339) ADC_CONTINUOUS: ADC continuous mode started[0m

***ERROR*** A stack overflow in task sensor_func has been detected.


Backtrace: 0x40081772:0x3ffb3450 0x40086bd1:0x3ffb3470 0x40087966:0x3ffb3490 0x4008897b:0x3ffb3510 0x40087a70:0x3ffb3530 0x40087a22:0x3ffb3640 0x3ffb365d:0x3ffb3680 |<-CORRUPTED




ELF file SHA256: 674931ffc

Rebooting...
ets Jun  8 2016 00:22:57

rst:0xc (SW_CPU_RESET),boot:0x17 (SPI_FAST_FLASH_BOOT)
configsip: 0, SPIWP:0xee
clk_drv:0x00,q_drv:0x00,d_drv:0x00,cs0_drv:0x00,hd_drv:0x00,wp_drv:0x00
mode:DIO, clock div:2
load:0x3fff0030,len:7172
load:0x40078000,len:15540
load:0x40080400,len:4
ho 8 tail 4 room 4
load:0x40080404,len:3904
entry 0x40080640
[0;32mI (30) boot: ESP-IDF v5.2.1 2nd stage bootloader[0m
[0;32mI (31) boot: compile time Jun  3 2024 15:19:52[0m
[0;32mI (31) boot: Multicore bootloader[0m
[0;32mI (35) boot: chip revision: v1.1[0m
[0;32mI (39) boot.esp32: SPI Speed      : 40MHz[0m
[0;32mI (44) boot.esp32: SPI Mode       : DIO[0m
[0;32mI (48) boot.esp32: SPI Flash Size : 2MB[0m
[0;32mI (53) boot: Enabling RNG early entropy source...[0m
[0;32mI (58) boot: Partition Table:[0m
[0;32mI (62) boot: ## Label            Usage          Type ST Offset   Length[0m
[0;32mI (69) boot:  0 nvs              WiFi data        01 02 00009000 00006000[0m
[0;32mI (76) boot:  1 phy_init         RF data          01 01 0000f000 00001000[0m
[0;32mI (84) boot:  2 factory          factory app      00 00 00010000 00100000[0m
[0;32mI (91) boot: End of partition table[0m
[0;32mI (96) esp_image: segment 0: paddr=00010020 vaddr=3f400020 size=0b584h ( 46468) map[0m
[0;32mI (120) esp_image: segment 1: paddr=0001b5ac vaddr=3ffbdb60 size=034fch ( 13564) load[0m
[0;32mI (125) esp_image: segment 2: paddr=0001eab0 vaddr=40080000 size=01568h (  5480) load[0m
[0;32mI (128) esp_image: segment 3: paddr=00020020 vaddr=400d0020 size=19bfch (105468) map[0m
[0;32mI (170) esp_image: segment 4: paddr=00039c24 vaddr=40081568 size=0c70ch ( 50956) load[0m
[0;32mI (198) boot: Loaded app from partition at offset 0x10000[0m
[0;32mI (198) boot: Disabling RNG early entropy source...[0m
[0;32mI (209) cpu_start: Multicore app[0m
[0;32mI (218) cpu_start: Pro cpu start user code[0m
[0;32mI (218) cpu_start: cpu freq: 160000000 Hz[0m
[0;32mI (218) cpu_start: Application information:[0m
[0;32mI (221) cpu_start: Project name:     Speedometer[0m
[0;32mI (226) cpu_start: App version:      cdb2ade-dirty[0m
[0;32mI (232) cpu_start: Compile time:     Jun  3 2024 18:47:38[0m
[0;32mI (238) cpu_start: ELF file SHA256:  674931ffc...[0m
[0;32mI (243) cpu_start: ESP-IDF:          v5.2.1[0m
[0;32mI (248) cpu_start: Min chip rev:     v0.0[0m
[0;32mI (253) cpu_start: Max chip rev:     v3.99 [0m
[0;32mI (258) cpu_start: Chip rev:         v1.1[0m
[0;32mI (263) heap_init: Initializing. RAM available for dynamic allocation:[0m
[0;32mI (270) heap_init: At 3FFAE6E0 len 0000F480 (61 KiB): DRAM[0m
[0;32mI (276) heap_init: At 3FFC1970 len 0001E690 (121 KiB): DRAM[0m
[0;32mI (282) heap_init: At 3FFE0440 len 00003AE0 (14 KiB): D/IRAM[0m
[0;32mI (288) heap_init: At 3FFE4350 len 0001BCB0 (111 KiB): D/IRAM[0m
[0;32mI (295) heap_init: At 4008DC74 len 0001238C (72 KiB): IRAM[0m
[0;32mI (303) spi_flash: detected chip: generic[0m
[0;32mI (306) spi_flash: flash io: dio[0m
[0;33mW (310) spi_flash: Detected size(4096k) larger than the size in the binary image header(2048k). Using the size in the binary image header.[0m
[0;32mI (323) coexist: coex firmware version: 77cd7f8[0m
[0;32mI (329) main_task: Started on CPU0[0m
[0;32mI (339) main_task: Calling app_main()[0m
[0;32mI (339) gpio: GPIO[32]| InputEn: 0| OutputEn: 0| OpenDrain: 0| Pullup: 0| Pulldown: 0| Intr:0 [0m
[0;32mI (339) ADC_CONTINUOUS: ADC continuous mode started[0m

***ERROR*** A stack overflow in task sensor_func has been detected.


Backtrace: 0x40081772:0x3ffb3450 0x40086bd1:0x3ffb3470 0x40087966:0x3ffb3490 0x4008897b:0x3ffb3510 0x40087a70:0x3ffb3530 0x40087a22:0x3ffb3640 0x3ffb365d:0x3ffb3680 |<-CORRUPTED




ELF file SHA256: 674931ffc

Rebooting...
ets Jun  8 2016 00:22:57

rst:0xc (SW_CPU_RESET),boot:0x17 (SPI_FAST_FLASH_BOOT)
configsip: 0, SPIWP:0xee
clk_drv:0x00,q_drv:0x00,d_drv:0x00,cs0_drv:0x00,hd_drv:0x00,wp_drv:0x00
mode:DIO, clock div:2
load:0x3fff0030,len:7172
load:0x40078000,len:15540
load:0x40080400,len:4
ho 8 tail 4 room 4
load:0x40080404,len:3904
entry 0x40080640
[0;32mI (30) boot: ESP-IDF v5.2.1 2nd stage bootloader[0m
[0;32mI (31) boot: compile time Jun  3 2024 15:19:52[0m
[0;32mI (31) boot: Multicore bootloader[0m
[0;32mI (35) boot: chip revision: v1.1[0m
[0;32mI (39) boot.esp32: SPI Speed      : 40MHz[0m
[0;32mI (44) boot.esp32: SPI Mode       : DIO[0m
[0;32mI (48) boot.esp32: SPI Flash Size : 2MB[0m
[0;32mI (53) boot: Enabling RNG early entropy source...[0m
[0;32mI (58) boot: Partition Table:[0m
[0;32mI (62) boot: ## Label            Usage          Type ST Offset   Length[0m
[0;32mI (69) boot:  0 nvs              WiFi data        01 02 00009000 00006000[0m
[0;32mI (76) boot:  1 phy_init         RF data          01 01 0000f000 00001000[0m
[0;32mI (84) boot:  2 factory          factory app      00 00 00010000 00100000[0m
[0;32mI (91) boot: End of partition table[0m
[0;32mI (96) esp_image: segment 0: paddr=00010020 vaddr=3f400020 size=0b584h ( 46468) map[0m
[0;32mI (120) esp_image: segment 1: paddr=0001b5ac vaddr=3ffbdb60 size=034fch ( 13564) load[0m
[0;32mI (125) esp_image: segment 2: paddr=0001eab0 vaddr=40080000 size=01568h (  5480) load[0m
[0;32mI (128) esp_image: segment 3: paddr=00020020 vaddr=400d0020 size=19bfch (105468) map[0m
[0;32mI (170) esp_image: segment 4: paddr=00039c24 vaddr=40081568 size=0c70ch ( 50956) load[0m
[0;32mI (198) boot: Loaded app from partition at offset 0x10000[0m
[0;32mI (198) boot: Disabling RNG early entropy source...[0m
[0;32mI (209) cpu_start: Multicore app[0m
[0;32mI (218) cpu_start: Pro cpu start user code[0m
[0;32mI (218) cpu_start: cpu freq: 160000000 Hz[0m
[0;32mI (218) cpu_start: Application information:[0m
[0;32mI (221) cpu_start: Project name:     Speedometer[0m
[0;32mI (226) cpu_start: App version:      cdb2ade-dirty[0m
[0;32mI (232) cpu_start: Compile time:     Jun  3 2024 18:47:38[0m
[0;32mI (238) cpu_start: ELF file SHA256:  674931ffc...[0m
[0;32mI (243) cpu_start: ESP-IDF:          v5.2.1[0m
[0;32mI (248) cpu_start: Min chip rev:     v0.0[0m
[0;32mI (253) cpu_start: Max chip rev:     v3.99 [0m
[0;32mI (258) cpu_start: Chip rev:         v1.1[0m
[0;32mI (263) heap_init: Initializing. RAM available for dynamic allocation:[0m
[0;32mI (270) heap_init: At 3FFAE6E0 len 0000F480 (61 KiB): DRAM[0m
[0;32mI (276) heap_init: At 3FFC1970 len 0001E690 (121 KiB): DRAM[0m
[0;32mI (282) heap_init: At 3FFE0440 len 00003AE0 (14 KiB): D/IRAM[0m
[0;32mI (288) heap_init: At 3FFE4350 len 0001BCB0 (111 KiB): D/IRAM[0m
[0;32mI (295) heap_init: At 4008DC74 len 0001238C (72 KiB): IRAM[0m
[0;32mI (303) spi_flash: detected chip: generic[0m
[0;32mI (306) spi_flash: flash io: dio[0m
[0;33mW (310) spi_flash: Detected size(4096k) larger than the size in the binary image header(2048k). Using the size in the binary image header.[0m
[0;32mI (323) coexist: coex firmware version: 77cd7f8[0m
[0;32mI (329) main_task: Started on CPU0[0m
[0;32mI (339) main_task: Calling app_main()[0m
[0;32mI (339) gpio: GPIO[32]| InputEn: 0| OutputEn: 0| OpenDrain: 0| Pullup: 0| Pulldown: 0| Intr:0 [0m
[0;32mI (339) ADC_CONTINUOUS: ADC continuous mode started[0m

***ERROR*** A stack overflow in task sensor_func has been detected.


Backtrace: 0x40081772:0x3ffb3450 0x40086bd1:0x3ffb3470 0x40087966:0x3ffb3490 0x4008897b:0x3ffb3510 0x40087a70:0x3ffb3530 0x40087a22:0x3ffb3640 0x3ffb365d:0x3ffb3680 |<-CORRUPTED




ELF file SHA256: 674931ffc

Rebooting...
ets Jun  8 2016 00:22:57

rst:0xc (SW_CPU_RESET),boot:0x17 (SPI_FAST_FLASH_BOOT)
configsip: 0, SPIWP:0xee
clk_drv:0x00,q_drv:0x00,d_drv:0x00,cs0_drv:0x00,hd_drv:0x00,wp_drv:0x00
mode:DIO, clock div:2
load:0x3fff0030,len:7172
load:0x40078000,len:15540
load:0x40080400,len:4
ho 8 tail 4 room 4
load:0x40080404,len:3904
entry 0x40080640
[0;32mI (30) boot: ESP-IDF v5.2.1 2nd stage bootloader[0m
[0;32mI (31) boot: compile time Jun  3 2024 15:19:52[0m
[0;32mI (31) boot: Multicore bootloader[0m
[0;32mI (35) boot: chip revision: v1.1[0m
[0;32mI (39) boot.esp32: SPI Speed      : 40MHz[0m
[0;32mI (44) boot.esp32: SPI Mode       : DIO[0m
[0;32mI (48) boot.esp32: SPI Flash Size : 2MB[0m
[0;32mI (53) boot: Enabling RNG early entropy source...[0m
[0;32mI (58) boot: Partition Table:[0m
[0;32mI (62) boot: ## Label            Usage          Type ST Offset   Length[0m
[0;32mI (69) boot:  0 nvs              WiFi data        01 02 00009000 00006000[0m
[0;32mI (76) boot:  1 phy_init         RF data          01 01 0000f000 00001000[0m
[0;32mI (84) boot:  2 factory          factory app      00 00 00010000 00100000[0m
[0;32mI (91) boot: End of partition table[0m
[0;32mI (96) esp_image: segment 0: paddr=00010020 vaddr=3f400020 size=0b584h ( 46468) map[0m
[0;32mI (120) esp_image: segment 1: paddr=0001b5ac vaddr=3ffbdb60 size=034fch ( 13564) load[0m
[0;32mI (125) esp_image: segment 2: paddr=0001eab0 vaddr=40080000 size=01568h (  5480) load[0m
[0;32mI (128) esp_image: segment 3: paddr=00020020 vaddr=400d0020 size=19bfch (105468) map[0m
[0;32mI (170) esp_image: segment 4: paddr=00039c24 vaddr=40081568 size=0c70ch ( 50956) load[0m
[0;32mI (198) boot: Loaded app from partition at offset 0x10000[0m
[0;32mI (198) boot: Disabling RNG early entropy source...[0m
[0;32mI (209) cpu_start: Multicore app[0m
[0;32mI (218) cpu_start: Pro cpu start user code[0m
[0;32mI (218) cpu_start: cpu freq: 160000000 Hz[0m
[0;32mI (218) cpu_start: Application information:[0m
[0;32mI (221) cpu_start: Project name:     Speedometer[0m
[0;32mI (226) cpu_start: App version:      cdb2ade-dirty[0m
[0;32mI (232) cpu_start: Compile time:     Jun  3 2024 18:47:38[0m
[0;32mI (238) cpu_start: ELF file SHA256:  674931ffc...[0m
[0;32mI (243) cpu_start: ESP-IDF:          v5.2.1[0m
[0;32mI (248) cpu_start: Min chip rev:     v0.0[0m
[0;32mI (253) cpu_start: Max chip rev:     v3.99 [0m
[0;32mI (258) cpu_start: Chip rev:         v1.1[0m
[0;32mI (263) heap_init: Initializing. RAM available for dynamic allocation:[0m
[0;32mI (270) heap_init: At 3FFAE6E0 len 0000F480 (61 KiB): DRAM[0m
[0;32mI (276) heap_init: At 3FFC1970 len 0001E690 (121 KiB): DRAM[0m
[0;32mI (282) heap_init: At 3FFE0440 len 00003AE0 (14 KiB): D/IRAM[0m
[0;32mI (288) heap_init: At 3FFE4350 len 0001BCB0 (111 KiB): D/IRAM[0m
[0;32mI (295) heap_init: At 4008DC74 len 0001238C (72 KiB): IRAM[0m
[0;32mI (303) spi_flash: detected chip: generic[0m
[0;32mI (306) spi_flash: flash io: dio[0m
[0;33mW (310) spi_flash: Detected size(4096k) larger than the size in the binary image header(2048k). Using the size in the binary image header.[0m
[0;32mI (323) coexist: coex firmware version: 77cd7f8[0m
[0;32mI (329) main_task: Started on CPU0[0m
[0;32mI (339) main_task: Calling app_main()[0m
[0;32mI (339) gpio: GPIO[32]| InputEn: 0| OutputEn: 0| OpenDrain: 0| Pullup: 0| Pulldown: 0| Intr:0 [0m
[0;32mI (339) ADC_CONTINUOUS: ADC continuous mode started[0m

***ERROR*** A stack overflow in task sensor_func has been detected.


Backtrace: 0x40081772:0x3ffb3450 0x40086bd1:0x3ffb3470 0x40087966:0x3ffb3490 0x4008897b:0x3ffb3510 0x40087a70:0x3ffb3530 0x40087a22:0x3ffb3640 0x3ffb365d:0x3ffb3680 |<-CORRUPTED




ELF file SHA256: 674931ffc

Rebooting...
ets Jun  8 2016 00:22:57

rst:0xc (SW_CPU_RESET),boot:0x17 (SPI_FAST_FLASH_BOOT)
configsip: 0, SPIWP:0xee
clk_drv:0x00,q_drv:0x00,d_drv:0x00,cs0_drv:0x00,hd_drv:0x00,wp_drv:0x00
mode:DIO, clock div:2
load:0x3fff0030,len:7172
load:0x40078000,len:15540
load:0x40080400,len:4
ho 8 tail 4 room 4
load:0x40080404,len:3904
entry 0x40080640
[0;32mI (30) boot: ESP-IDF v5.2.1 2nd stage bootloader[0m
[0;32mI (31) boot: compile time Jun  3 2024 15:19:52[0m
[0;32mI (31) boot: Multicore bootloader[0m
[0;32mI (35) boot: chip revision: v1.1[0m
[0;32mI (39) boot.esp32: SPI Speed      : 40MHz[0m
[0;32mI (44) boot.esp32: SPI Mode       : DIO[0m
[0;32mI (48) boot.esp32: SPI Flash Size : 2MB[0m
[0;32mI (53) boot: Enabling RNG early entropy source...[0m
[0;32mI (58) boot: Partition Table:[0m
[0;32mI (62) boot: ## Label            Usage          Type ST Offset   Length[0m
[0;32mI (69) boot:  0 nvs              WiFi data        01 02 00009000 00006000[0m
[0;32mI (76) boot:  1 phy_init         RF data          01 01 0000f000 00001000[0m
[0;32mI (84) boot:  2 factory          factory app      00 00 00010000 00100000[0m
[0;32mI (91) boot: End of partition table[0m
[0;32mI (96) esp_image: segment 0: paddr=00010020 vaddr=3f400020 size=0b584h ( 46468) map[0m
[0;32mI (120) esp_image: segment 1: paddr=0001b5ac vaddr=3ffbdb60 size=034fch ( 13564) load[0m
[0;32mI (125) esp_image: segment 2: paddr=0001eab0 vaddr=40080000 size=01568h (  5480) load[0m
[0;32mI (128) esp_image: segment 3: paddr=00020020 vaddr=400d0020 size=19bfch (105468) map[0m
[0;32mI (170) esp_image: segment 4: paddr=00039c24 vaddr=40081568 size=0c70ch ( 50956) load[0m
[0;32mI (198) boot: Loaded app from partition at offset 0x10000[0m
[0;32mI (198) boot: Disabling RNG early entropy source...[0m
[0;32mI (209) cpu_start: Multicore app[0m
[0;32mI (218) cpu_start: Pro cpu start user code[0m
[0;32mI (218) cpu_start: cpu freq: 160000000 Hz[0m
[0;32mI (218) cpu_start: Application information:[0m
[0;32mI (221) cpu_start: Project name:     Speedometer[0m
[0;32mI (226) cpu_start: App version:      cdb2ade-dirty[0m
[0;32mI (232) cpu_start: Compile time:     Jun  3 2024 18:47:38[0m
[0;32mI (238) cpu_start: ELF file SHA256:  674931ffc...[0m
[0;32mI (243) cpu_start: ESP-IDF:          v5.2.1[0m
[0;32mI (248) cpu_start: Min chip rev:     v0.0[0m
[0;32mI (253) cpu_start: Max chip rev:     v3.99 [0m
[0;32mI (258) cpu_start: Chip rev:         v1.1[0m
[0;32mI (263) heap_init: Initializing. RAM available for dynamic allocation:[0m
[0;32mI (270) heap_init: At 3FFAE6E0 len 0000F480 (61 KiB): DRAM[0m
[0;32mI (276) heap_init: At 3FFC1970 len 0001E690 (121 KiB): DRAM[0m
[0;32mI (282) heap_init: At 3FFE0440 len 00003AE0 (14 KiB): D/IRAM[0m
[0;32mI (288) heap_init: At 3FFE4350 len 0001BCB0 (111 KiB): D/IRAM[0m
[0;32mI (295) heap_init: At 4008DC74 len 0001238C (72 KiB): IRAM[0m
[0;32mI (303) spi_flash: detected chip: generic[0m
[0;32mI (306) spi_flash: flash io: dio[0m
[0;33mW (310) spi_flash: Detected size(4096k) larger than the size in the binary image header(2048k). Using the size in the binary image header.[0m
[0;32mI (323) coexist: coex firmware version: 77cd7f8[0m
[0;32mI (329) main_task: Started on CPU0[0m
[0;32mI (339) main_task: Calling app_main()[0m
[0;32mI (339) gpio: GPIO[32]| InputEn: 0| OutputEn: 0| OpenDrain: 0| Pullup: 0| Pulldown: 0| Intr:0 [0m
[0;32mI (339) ADC_CONTINUOUS: ADC continuous mode started[0m

***ERROR*** A stack overflow in task sensor_func has been detected.


Backtrace: 0x40081772:0x3ffb3450 0x40086bd1:0x3ffb3470 0x40087966:0x3ffb3490 0x4008897b:0x3ffb3510 0x40087a70:0x3ffb3530 0x40087a22:0x3ffb3640 0x3ffb365d:0x3ffb3680 |<-CORRUPTED




ELF file SHA256: 674931ffc

Rebooting...
ets Jun  8 2016 00:22:57

rst:0xc (SW_CPU_RESET),boot:0x17 (SPI_FAST_FLASH_BOOT)
configsip: 0, SPIWP:0xee
clk_drv:0x00,q_drv:0x00,d_drv:0x00,cs0_drv:0x00,hd_drv:0x00,wp_drv:0x00
mode:DIO, clock div:2
load:0x3fff0030,len:7172
load:0x40078000,len:15540
load:0x40080400,len:4
ho 8 tail 4 room 4
load:0x40080404,len:3904
entry 0x40080640
[0;32mI (30) boot: ESP-IDF v5.2.1 2nd stage bootloader[0m
[0;32mI (31) boot: compile time Jun  3 2024 15:19:52[0m
[0;32mI (31) boot: Multicore bootloader[0m
[0;32mI (35) boot: chip revision: v1.1[0m
[0;32mI (39) boot.esp32: SPI Speed      : 40MHz[0m
[0;32mI (44) boot.esp32: SPI Mode       : DIO[0m
[0;32mI (48) boot.esp32: SPI Flash Size : 2MB[0m
[0;32mI (53) boot: Enabling RNG early entropy source...[0m
[0;32mI (58) boot: Partition Table:[0m
[0;32mI (62) boot: ## Label            Usage          Type ST Offset   Length[0m
[0;32mI (69) boot:  0 nvs              WiFi data        01 02 00009000 00006000[0m
[0;32mI (76) boot:  1 phy_init         RF data          01 01 0000f000 00001000[0m
[0;32mI (84) boot:  2 factory          factory app      00 00 00010000 00100000[0m
[0;32mI (91) boot: End of partition table[0m
[0;32mI (96) esp_image: segment 0: paddr=00010020 vaddr=3f400020 size=0b584h ( 46468) map[0m
[0;32mI (120) esp_image: segment 1: paddr=0001b5ac vaddr=3ffbdb60 size=034fch ( 13564) load[0m
[0;32mI (125) esp_image: segment 2: paddr=0001eab0 vaddr=40080000 size=01568h (  5480) load[0m
[0;32mI (128) esp_image: segment 3: paddr=00020020 vaddr=400d0020 size=19bfch (105468) map[0m
[0;32mI (170) esp_image: segment 4: paddr=00039c24 vaddr=40081568 size=0c70ch ( 50956) load[0m
[0;32mI (198) boot: Loaded app from partition at offset 0x10000[0m
[0;32mI (198) boot: Disabling RNG early entropy source...[0m
[0;32mI (209) cpu_start: Multicore app[0m
[0;32mI (218) cpu_start: Pro cpu start user code[0m
[0;32mI (218) cpu_start: cpu freq: 160000000 Hz[0m
[0;32mI (218) cpu_start: Application information:[0m
[0;32mI (221) cpu_start: Project name:     Speedometer[0m
[0;32mI (226) cpu_start: App version:      cdb2ade-dirty[0m
[0;32mI (232) cpu_start: Compile time:     Jun  3 2024 18:47:38[0m
[0;32mI (238) cpu_start: ELF file SHA256:  674931ffc...[0m
[0;32mI (243) cpu_start: ESP-IDF:          v5.2.1[0m
[0;32mI (248) cpu_start: Min chip rev:     v0.0[0m
[0;32mI (253) cpu_start: Max chip rev:     v3.99 [0m
[0;32mI (258) cpu_start: Chip rev:         v1.1[0m
[0;32mI (263) heap_init: Initializing. RAM available for dynamic allocation:[0m
[0;32mI (270) heap_init: At 3FFAE6E0 len 0000F480 (61 KiB): DRAM[0m
[0;32mI (276) heap_init: At 3FFC1970 len 0001E690 (121 KiB): DRAM[0m
[0;32mI (282) heap_init: At 3FFE0440 len 00003AE0 (14 KiB): D/IRAM[0m
[0;32mI (288) heap_init: At 3FFE4350 len 0001BCB0 (111 KiB): D/IRAM[0m
[0;32mI (295) heap_init: At 4008DC74 len 0001238C (72 KiB): IRAM[0m
[0;32mI (303) spi_flash: detected chip: generic[0m
[0;32mI (306) spi_flash: flash io: dio[0m
[0;33mW (310) spi_flash: Detected size(4096k) larger than the size in the binary image header(2048k). Using the size in the binary image header.[0m
[0;32mI (323) coexist: coex firmware version: 77cd7f8[0m
[0;32mI (329) main_task: Started on CPU0[0m
[0;32mI (339) main_task: Calling app_main()[0m
[0;32mI (339) gpio: GPIO[32]| InputEn: 0| OutputEn: 0| OpenDrain: 0| Pullup: 0| Pulldown: 0| Intr:0 [0m
[0;32mI (339) ADC_CONTINUOUS: ADC continuous mode started[0m

***ERROR*** A stack overflow in task sensor_func has been detected.


Backtrace: 0x40081772:0x3ffb3450 0x40086bd1:0x3ffb3470 0x40087966:0x3ffb3490 0x4008897b:0x3ffb3510 0x40087a70:0x3ffb3530 0x40087a22:0x3ffb3640 0x3ffb365d:0x3ffb3680 |<-CORRUPTED




ELF file SHA256: 674931ffc

Rebooting...
ets Jun  8 2016 00:22:57

rst:0xc (SW_CPU_RESET),boot:0x17 (SPI_FAST_FLASH_BOOT)
configsip: 0, SPIWP:0xee
clk_drv:0x00,q_drv:0x00,d_drv:0x00,cs0_drv:0x00,hd_drv:0x00,wp_drv:0x00
mode:DIO, clock div:2
load:0x3fff0030,len:7172
load:0x40078000,len:15540
load:0x40080400,len:4
ho 8 tail 4 room 4
load:0x40080404,len:3904
entry 0x40080640
[0;32mI (30) boot: ESP-IDF v5.2.1 2nd stage bootloader[0m
[0;32mI (31) boot: compile time Jun  3 2024 15:19:52[0m
[0;32mI (31) boot: Multicore bootloader[0m
[0;32mI (35) boot: chip revision: v1.1[0m
[0;32mI (39) boot.esp32: SPI Speed      : 40MHz[0m
[0;32mI (44) boot.esp32: SPI Mode       : DIO[0m
[0;32mI (48) boot.esp32: SPI Flash Size : 2MB[0m
[0;32mI (53) boot: Enabling RNG early entropy source...[0m
[0;32mI (58) boot: Partition Table:[0m
[0;32mI (62) boot: ## Label            Usage          Type ST Offset   Length[0m
[0;32mI (69) boot:  0 nvs              WiFi data        01 02 00009000 00006000[0m
[0;32mI (76) boot:  1 phy_init         RF data          01 01 0000f000 00001000[0m
[0;32mI (84) boot:  2 factory          factory app      00 00 00010000 00100000[0m
[0;32mI (91) boot: End of partition table[0m
[0;32mI (96) esp_image: segment 0: paddr=00010020 vaddr=3f400020 size=0b584h ( 46468) map[0m
[0;32mI (120) esp_image: segment 1: paddr=0001b5ac vaddr=3ffbdb60 size=034fch ( 13564) load[0m
[0;32mI (125) esp_image: segment 2: paddr=0001eab0 vaddr=40080000 size=01568h (  5480) load[0m
[0;32mI (128) esp_image: segment 3: paddr=00020020 vaddr=400d0020 size=19bfch (105468) map[0m
[0;32mI (170) esp_image: segment 4: paddr=00039c24 vaddr=40081568 size=0c70ch ( 50956) load[0m
[0;32mI (198) boot: Loaded app from partition at offset 0x10000[0m
[0;32mI (198) boot: Disabling RNG early entropy source...[0m
[0;32mI (209) cpu_start: Multicore app[0m
[0;32mI (218) cpu_start: Pro cpu start user code[0m
[0;32mI (218) cpu_start: cpu freq: 160000000 Hz[0m
[0;32mI (218) cpu_start: Application information:[0m
[0;32mI (221) cpu_start: Project name:     Speedometer[0m
[0;32mI (226) cpu_start: App version:      cdb2ade-dirty[0m
[0;32mI (232) cpu_start: Compile time:     Jun  3 2024 18:47:38[0m
[0;32mI (238) cpu_start: ELF file SHA256:  674931ffc...[0m
[0;32mI (243) cpu_start: ESP-IDF:          v5.2.1[0m
[0;32mI (248) cpu_start: Min chip rev:     v0.0[0m
[0;32mI (253) cpu_start: Max chip rev:     v3.99 [0m
[0;32mI (258) cpu_start: Chip rev:         v1.1[0m
[0;32mI (263) heap_init: Initializing. RAM available for dynamic allocation:[0m
[0;32mI (270) heap_init: At 3FFAE6E0 len 0000F480 (61 KiB): DRAM[0m
[0;32mI (276) heap_init: At 3FFC1970 len 0001E690 (121 KiB): DRAM[0m
[0;32mI (282) heap_init: At 3FFE0440 len 00003AE0 (14 KiB): D/IRAM[0m
[0;32mI (288) heap_init: At 3FFE4350 len 0001BCB0 (111 KiB): D/IRAM[0m
[0;32mI (295) heap_init: At 4008DC74 len 0001238C (72 KiB): IRAM[0m
[0;32mI (303) spi_flash: detected chip: generic[0m
[0;32mI (306) spi_flash: flash io: dio[0m
[0;33mW (310) spi_flash: Detected size(4096k) larger than the size in the binary image header(2048k). Using the size in the binary image header.[0m
[0;32mI (323) coexist: coex firmware version: 77cd7f8[0m
[0;32mI (329) main_task: Started on CPU0[0m
[0;32mI (339) main_task: Calling app_main()[0m
[0;32mI (339) gpio: GPIO[32]| InputEn: 0| OutputEn: 0| OpenDrain: 0| Pullup: 0| Pulldown: 0| Intr:0 [0m
[0;32mI (339) ADC_CONTINUOUS: ADC continuous mode started[0m

***ERROR*** A stack overflow in task sensor_func has been detected.


Backtrace: 0x40081772:0x3ffb3450 0x40086bd1:0x3ffb3470 0x40087966:0x3ffb3490 0x4008897b:0x3ffb3510 0x40087a70:0x3ffb3530 0x40087a22:0x3ffb3640 0x3ffb365d:0x3ffb3680 |<-CORRUPTED




ELF file SHA256: 674931ffc

Rebooting...
ets Jun  8 2016 00:22:57

rst:0xc (SW_CPU_RESET),boot:0x17 (SPI_FAST_FLASH_BOOT)
configsip: 0, SPIWP:0xee
clk_drv:0x00,q_drv:0x00,d_drv:0x00,cs0_drv:0x00,hd_drv:0x00,wp_drv:0x00
mode:DIO, clock div:2
load:0x3fff0030,len:7172
load:0x40078000,len:15540
load:0x40080400,len:4
ho 8 tail 4 room 4
load:0x40080404,len:3904
entry 0x40080640
[0;32mI (30) boot: ESP-IDF v5.2.1 2nd stage bootloader[0m
[0;32mI (31) boot: compile time Jun  3 2024 15:19:52[0m
[0;32mI (31) boot: Multicore bootloader[0m
[0;32mI (35) boot: chip revision: v1.1[0m
[0;32mI (39) boot.esp32: SPI Speed      : 40MHz[0m
[0;32mI (44) boot.esp32: SPI Mode       : DIO[0m
[0;32mI (48) boot.esp32: SPI Flash Size : 2MB[0m
[0;32mI (53) boot: Enabling RNG early entropy source...[0m
[0;32mI (58) boot: Partition Table:[0m
[0;32mI (62) boot: ## Label            Usage          Type ST Offset   Length[0m
[0;32mI (69) boot:  0 nvs              WiFi data        01 02 00009000 00006000[0m
[0;32mI (76) boot:  1 phy_init         RF data          01 01 0000f000 00001000[0m
[0;32mI (84) boot:  2 factory          factory app      00 00 00010000 00100000[0m
[0;32mI (91) boot: End of partition table[0m
[0;32mI (96) esp_image: segment 0: paddr=00010020 vaddr=3f400020 size=0b584h ( 46468) map[0m
[0;32mI (120) esp_image: segment 1: paddr=0001b5ac vaddr=3ffbdb60 size=034fch ( 13564) load[0m
[0;32mI (125) esp_image: segment 2: paddr=0001eab0 vaddr=40080000 size=01568h (  5480) load[0m
[0;32mI (128) esp_image: segment 3: paddr=00020020 vaddr=400d0020 size=19bfch (105468) map[0m
[0;32mI (170) esp_image: segment 4: paddr=00039c24 vaddr=40081568 size=0c70ch ( 50956) load[0m
[0;32mI (198) boot: Loaded app from partition at offset 0x10000[0m
[0;32mI (198) boot: Disabling RNG early entropy source...[0m
[0;32mI (209) cpu_start: Multicore app[0m
[0;32mI (218) cpu_start: Pro cpu start user code[0m
[0;32mI (218) cpu_start: cpu freq: 160000000 Hz[0m
[0;32mI (218) cpu_start: Application information:[0m
[0;32mI (221) cpu_start: Project name:     Speedometer[0m
[0;32mI (226) cpu_start: App version:      cdb2ade-dirty[0m
[0;32mI (232) cpu_start: Compile time:     Jun  3 2024 18:47:38[0m
[0;32mI (238) cpu_start: ELF file SHA256:  674931ffc...[0m
[0;32mI (243) cpu_start: ESP-IDF:          v5.2.1[0m
[0;32mI (248) cpu_start: Min chip rev:     v0.0[0m
[0;32mI (253) cpu_start: Max chip rev:     v3.99 [0m
[0;32mI (258) cpu_start: Chip rev:         v1.1[0m
[0;32mI (263) heap_init: Initializing. RAM available for dynamic allocation:[0m
[0;32mI (270) heap_init: At 3FFAE6E0 len 0000F480 (61 KiB): DRAM[0m
[0;32mI (276) heap_init: At 3FFC1970 len 0001E690 (121 KiB): DRAM[0m
[0;32mI (282) heap_init: At 3FFE0440 len 00003AE0 (14 KiB): D/IRAM[0m
[0;32mI (288) heap_init: At 3FFE4350 len 0001BCB0 (111 KiB): D/IRAM[0m
[0;32mI (295) heap_init: At 4008DC74 len 0001238C (72 KiB): IRAM[0m
[0;32mI (303) spi_flash: detected chip: generic[0m
[0;32mI (306) spi_flash: flash io: dio[0m
[0;33mW (310) spi_flash: Detected size(4096k) larger than the size in the binary image header(2048k). Using the size in the binary image header.[0m
[0;32mI (323) coexist: coex firmware version: 77cd7f8[0m
[0;32mI (329) main_task: Started on CPU0[0m
[0;32mI (339) main_task: Calling app_main()[0m
[0;32mI (339) gpio: GPIO[32]| InputEn: 0| OutputEn: 0| OpenDrain: 0| Pullup: 0| Pulldown: 0| Intr:0 [0m
[0;32mI (339) ADC_CONTINUOUS: ADC continuous mode started[0m

***ERROR*** A stack overflow in task sensor_func has been detected.


Backtrace: 0x40081772:0x3ffb3450 0x40086bd1:0x3ffb3470 0x40087966:0x3ffb3490 0x4008897b:0x3ffb3510 0x40087a70:0x3ffb3530 0x40087a22:0x3ffb3640 0x3ffb365d:0x3ffb3680 |<-CORRUPTED




ELF file SHA256: 674931ffc

Rebooting...
ets Jun  8 2016 00:22:57

rst:0xc (SW_CPU_RESET),boot:0x17 (SPI_FAST_FLASH_BOOT)
configsip: 0, SPIWP:0xee
clk_drv:0x00,q_drv:0x00,d_drv:0x00,cs0_drv:0x00,hd_drv:0x00,wp_drv:0x00
mode:DIO, clock div:2
load:0x3fff0030,len:7172
load:0x40078000,len:15540
load:0x40080400,len:4
ho 8 tail 4 room 4
load:0x40080404,len:3904
entry 0x40080640
[0;32mI (30) boot: ESP-IDF v5.2.1 2nd stage bootloader[0m
[0;32mI (31) boot: compile time Jun  3 2024 15:19:52[0m
[0;32mI (31) boot: Multicore bootloader[0m
[0;32mI (35) boot: chip revision: v1.1[0m
[0;32mI (39) boot.esp32: SPI Speed      : 40MHz[0m
[0;32mI (44) boot.esp32: SPI Mode       : DIO[0m
[0;32mI (48) boot.esp32: SPI Flash Size : 2MB[0m
[0;32mI (53) boot: Enabling RNG early entropy source...[0m
[0;32mI (58) boot: Partition Table:[0m
[0;32mI (62) boot: ## Label            Usage          Type ST Offset   Length[0m
[0;32mI (69) boot:  0 nvs              WiFi data        01 02 00009000 00006000[0m
[0;32mI (76) boot:  1 phy_init         RF data          01 01 0000f000 00001000[0m
[0;32mI (84) boot:  2 factory          factory app      00 00 00010000 00100000[0m
[0;32mI (91) boot: End of partition table[0m
[0;32mI (96) esp_image: segment 0: paddr=00010020 vaddr=3f400020 size=0b584h ( 46468) map[0m
[0;32mI (120) esp_image: segment 1: paddr=0001b5ac vaddr=3ffbdb60 size=034fch ( 13564) load[0m
[0;32mI (125) esp_image: segment 2: paddr=0001eab0 vaddr=40080000 size=01568h (  5480) load[0m
[0;32mI (128) esp_image: segment 3: paddr=00020020 vaddr=400d0020 size=19bfch (105468) map[0m
[0;32mI (170) esp_image: segment 4: paddr=00039c24 vaddr=40081568 size=0c70ch ( 50956) load[0m
[0;32mI (198) boot: Loaded app from partition at offset 0x10000[0m
[0;32mI (198) boot: Disabling RNG early entropy source...[0m
[0;32mI (209) cpu_start: Multicore app[0m
[0;32mI (218) cpu_start: Pro cpu start user code[0m
[0;32mI (218) cpu_start: cpu freq: 160000000 Hz[0m
[0;32mI (218) cpu_start: Application information:[0m
[0;32mI (221) cpu_start: Project name:     Speedometer[0m
[0;32mI (226) cpu_start: App version:      cdb2ade-dirty[0m
[0;32mI (232) cpu_start: Compile time:     Jun  3 2024 18:47:38[0m
[0;32mI (238) cpu_start: ELF file SHA256:  674931ffc...[0m
[0;32mI (243) cpu_start: ESP-IDF:          v5.2.1[0m
[0;32mI (248) cpu_start: Min chip rev:     v0.0[0m
[0;32mI (253) cpu_start: Max chip rev:     v3.99 [0m
[0;32mI (258) cpu_start: Chip rev:         v1.1[0m
[0;32mI (263) heap_init: Initializing. RAM available for dynamic allocation:[0m
[0;32mI (270) heap_init: At 3FFAE6E0 len 0000F480 (61 KiB): DRAM[0m
[0;32mI (276) heap_init: At 3FFC1970 len 0001E690 (121 KiB): DRAM[0m
[0;32mI (282) heap_init: At 3FFE0440 len 00003AE0 (14 KiB): D/IRAM[0m
[0;32mI (288) heap_init: At 3FFE4350 len 0001BCB0 (111 KiB): D/IRAM[0m
[0;32mI (295) heap_init: At 4008DC74 len 0001238C (72 KiB): IRAM[0m
[0;32mI (303) spi_flash: detected chip: generic[0m
[0;32mI (306) spi_flash: flash io: dio[0m
[0;33mW (310) spi_flash: Detected size(4096k) larger than the size in the binary image header(2048k). Using the size in the binary image header.[0m
[0;32mI (323) coexist: coex firmware version: 77cd7f8[0m
[0;32mI (329) main_task: Started on CPU0[0m
[0;32mI (339) main_task: Calling app_main()[0m
[0;32mI (339) gpio: GPIO[32]| InputEn: 0| OutputEn: 0| OpenDrain: 0| Pullup: 0| Pulldown: 0| Intr:0 [0m
[0;32mI (339) ADC_CONTINUOUS: ADC continuous mode started[0m

***ERROR*** A stack overflow in task sensor_func has been detected.


Backtrace: 0x40081772:0x3ffb3450 0x40086bd1:0x3ffb3470 0x40087966:0x3ffb3490 0x4008897b:0x3ffb3510 0x40087a70:0x3ffb3530 0x40087a22:0x3ffb3640 0x3ffb365d:0x3ffb3680 |<-CORRUPTED




ELF file SHA256: 674931ffc

Rebooting...
ets Jun  8 2016 00:22:57

rst:0xc (SW_CPU_RESET),boot:0x17 (SPI_FAST_FLASH_BOOT)
configsip: 0, SPIWP:0xee
clk_drv:0x00,q_drv:0x00,d_drv:0x00,cs0_drv:0x00,hd_drv:0x00,wp_drv:0x00
mode:DIO, clock div:2
load:0x3fff0030,len:7172
load:0x40078000,len:15540
load:0x40080400,len:4
ho 8 tail 4 room 4
load:0x40080404,len:3904
entry 0x40080640
[0;32mI (30) boot: ESP-IDF v5.2.1 2nd stage bootloader[0m
[0;32mI (31) boot: compile time Jun  3 2024 15:19:52[0m
[0;32mI (31) boot: Multicore bootloader[0m
[0;32mI (35) boot: chip revision: v1.1[0m
[0;32mI (39) boot.esp32: SPI Speed      : 40MHz[0m
[0;32mI (44) boot.esp32: SPI Mode       : DIO[0m
[0;32mI (48) boot.esp32: SPI Flash Size : 2MB[0m
[0;32mI (53) boot: Enabling RNG early entropy source...[0m
[0;32mI (58) boot: Partition Table:[0m
[0;32mI (62) boot: ## Label            Usage          Type ST Offset   Length[0m
[0;32mI (69) boot:  0 nvs              WiFi data        01 02 00009000 00006000[0m
[0;32mI (76) boot:  1 phy_init         RF data          01 01 0000f000 00001000[0m
[0;32mI (84) boot:  2 factory          factory app      00 00 00010000 00100000[0m
[0;32mI (91) boot: End of partition table[0m
[0;32mI (96) esp_image: segment 0: paddr=00010020 vaddr=3f400020 size=0b584h ( 46468) map[0m
[0;32mI (120) esp_image: segment 1: paddr=0001b5ac vaddr=3ffbdb60 size=034fch ( 13564) load[0m
[0;32mI (125) esp_image: segment 2: paddr=0001eab0 vaddr=40080000 size=01568h (  5480) load[0m
[0;32mI (128) esp_image: segment 3: paddr=00020020 vaddr=400d0020 size=19bfch (105468) map[0m
[0;32mI (170) esp_image: segment 4: paddr=00039c24 vaddr=40081568 size=0c70ch ( 50956) load[0m
[0;32mI (198) boot: Loaded app from partition at offset 0x10000[0m
[0;32mI (198) boot: Disabling RNG early entropy source...[0m
[0;32mI (209) cpu_start: Multicore app[0m
[0;32mI (218) cpu_start: Pro cpu start user code[0m
[0;32mI (218) cpu_start: cpu freq: 160000000 Hz[0m
[0;32mI (218) cpu_start: Application information:[0m
[0;32mI (221) cpu_start: Project name:     Speedometer[0m
[0;32mI (226) cpu_start: App version:      cdb2ade-dirty[0m
[0;32mI (232) cpu_start: Compile time:     Jun  3 2024 18:47:38[0m
[0;32mI (238) cpu_start: ELF file SHA256:  674931ffc...[0m
[0;32mI (243) cpu_start: ESP-IDF:          v5.2.1[0m
[0;32mI (248) cpu_start: Min chip rev:     v0.0[0m
[0;32mI (253) cpu_start: Max chip rev:     v3.99 [0m
[0;32mI (258) cpu_start: Chip rev:         v1.1[0m
[0;32mI (263) heap_init: Initializing. RAM available for dynamic allocation:[0m
[0;32mI (270) heap_init: At 3FFAE6E0 len 0000F480 (61 KiB): DRAM[0m
[0;32mI (276) heap_init: At 3FFC1970 len 0001E690 (121 KiB): DRAM[0m
[0;32mI (282) heap_init: At 3FFE0440 len 00003AE0 (14 KiB): D/IRAM[0m
[0;32mI (288) heap_init: At 3FFE4350 len 0001BCB0 (111 KiB): D/IRAM[0m
[0;32mI (295) heap_init: At 4008DC74 len 0001238C (72 KiB): IRAM[0m
[0;32mI (303) spi_flash: detected chip: generic[0m
[0;32mI (306) spi_flash: flash io: dio[0m
[0;33mW (310) spi_flash: Detected size(4096k) larger than the size in the binary image header(2048k). Using the size in the binary image header.[0m
[0;32mI (323) coexist: coex firmware version: 77cd7f8[0m
[0;32mI (329) main_task: Started on CPU0[0m
[0;32mI (339) main_task: Calling app_main()[0m
[0;32mI (339) gpio: GPIO[32]| InputEn: 0| OutputEn: 0| OpenDrain: 0| Pullup: 0| Pulldown: 0| Intr:0 [0m
[0;32mI (339) ADC_CONTINUOUS: ADC continuous mode started[0m

***ERROR*** A stack overflow in task sensor_func has been detected.


Backtrace: 0x40081772:0x3ffb3450 0x40086bd1:0x3ffb3470 0x40087966:0x3ffb3490 0x4008897b:0x3ffb3510 0x40087a70:0x3ffb3530 0x40087a22:0x3ffb3640 0x3ffb365d:0x3ffb3680 |<-CORRUPTED




ELF file SHA256: 674931ffc

Rebooting...
ets Jun  8 2016 00:22:57

rst:0xc (SW_CPU_RESET),boot:0x17 (SPI_FAST_FLASH_BOOT)
configsip: 0, SPIWP:0xee
clk_drv:0x00,q_drv:0x00,d_drv:0x00,cs0_drv:0x00,hd_drv:0x00,wp_drv:0x00
mode:DIO, clock div:2
load:0x3fff0030,len:7172
load:0x40078000,len:15540
load:0x40080400,len:4
ho 8 tail 4 room 4
load:0x40080404,len:3904
entry 0x40080640
[0;32mI (30) boot: ESP-IDF v5.2.1 2nd stage bootloader[0m
[0;32mI (31) boot: compile time Jun  3 2024 15:19:52[0m
[0;32mI (31) boot: Multicore bootloader[0m
[0;32mI (35) boot: chip revision: v1.1[0m
[0;32mI (39) boot.esp32: SPI Speed      : 40MHz[0m
[0;32mI (44) boot.esp32: SPI Mode       : DIO[0m
[0;32mI (48) boot.esp32: SPI Flash Size : 2MB[0m
[0;32mI (53) boot: Enabling RNG early entropy source...[0m
[0;32mI (58) boot: Partition Table:[0m
[0;32mI (62) boot: ## Label            Usage          Type ST Offset   Length[0m
[0;32mI (69) boot:  0 nvs              WiFi data        01 02 00009000 00006000[0m
[0;32mI (76) boot:  1 phy_init         RF data          01 01 0000f000 00001000[0m
[0;32mI (84) boot:  2 factory          factory app      00 00 00010000 00100000[0m
[0;32mI (91) boot: End of partition table[0m
[0;32mI (96) esp_image: segment 0: paddr=00010020 vaddr=3f400020 size=0b584h ( 46468) map[0m
[0;32mI (120) esp_image: segment 1: paddr=0001b5ac vaddr=3ffbdb60 size=034fch ( 13564) load[0m
[0;32mI (125) esp_image: segment 2: paddr=0001eab0 vaddr=40080000 size=01568h (  5480) load[0m
[0;32mI (128) esp_image: segment 3: paddr=00020020 vaddr=400d0020 size=19bfch (105468) map[0m
[0;32mI (170) esp_image: segment 4: paddr=00039c24 vaddr=40081568 size=0c70ch ( 50956) load[0m
[0;32mI (198) boot: Loaded app from partition at offset 0x10000[0m
[0;32mI (198) boot: Disabling RNG early entropy source...[0m
[0;32mI (209) cpu_start: Multicore app[0m
[0;32mI (218) cpu_start: Pro cpu start user code[0m
[0;32mI (218) cpu_start: cpu freq: 160000000 Hz[0m
[0;32mI (218) cpu_start: Application information:[0m
[0;32mI (221) cpu_start: Project name:     Speedometer[0m
[0;32mI (226) cpu_start: App version:      cdb2ade-dirty[0m
[0;32mI (232) cpu_start: Compile time:     Jun  3 2024 18:47:38[0m
[0;32mI (238) cpu_start: ELF file SHA256:  674931ffc...[0m
[0;32mI (243) cpu_start: ESP-IDF:          v5.2.1[0m
[0;32mI (248) cpu_start: Min chip rev:     v0.0[0m
[0;32mI (253) cpu_start: Max chip rev:     v3.99 [0m
[0;32mI (258) cpu_start: Chip rev:         v1.1[0m
[0;32mI (263) heap_init: Initializing. RAM available for dynamic allocation:[0m
[0;32mI (270) heap_init: At 3FFAE6E0 len 0000F480 (61 KiB): DRAM[0m
[0;32mI (276) heap_init: At 3FFC1970 len 0001E690 (121 KiB): DRAM[0m
[0;32mI (282) heap_init: At 3FFE0440 len 00003AE0 (14 KiB): D/IRAM[0m
[0;32mI (288) heap_init: At 3FFE4350 len 0001BCB0 (111 KiB): D/IRAM[0m
[0;32mI (295) heap_init: At 4008DC74 len 0001238C (72 KiB): IRAM[0m
[0;32mI (303) spi_flash: detected chip: generic[0m
[0;32mI (306) spi_flash: flash io: dio[0m
[0;33mW (310) spi_flash: Detected size(4096k) larger than the size in the binary image header(2048k). Using the size in the binary image header.[0m
[0;32mI (323) coexist: coex firmware version: 77cd7f8[0m
[0;32mI (329) main_task: Started on CPU0[0m
[0;32mI (339) main_task: Calling app_main()[0m
[0;32mI (339) gpio: GPIO[32]| InputEn: 0| OutputEn: 0| OpenDrain: 0| Pullup: 0| Pulldown: 0| Intr:0 [0m
[0;32mI (339) ADC_CONTINUOUS: ADC continuous mode started[0m

***ERROR*** A stack overflow in task sensor_func has been detected.


Backtrace: 0x40081772:0x3ffb3450 0x40086bd1:0x3ffb3470 0x40087966:0x3ffb3490 0x4008897b:0x3ffb3510 0x40087a70:0x3ffb3530 0x40087a22:0x3ffb3640 0x3ffb365d:0x3ffb3680 |<-CORRUPTED




ELF file SHA256: 674931ffc

Rebooting...
ets Jun  8 2016 00:22:57

rst:0xc (SW_CPU_RESET),boot:0x17 (SPI_FAST_FLASH_BOOT)
configsip: 0, SPIWP:0xee
clk_drv:0x00,q_drv:0x00,d_drv:0x00,cs0_drv:0x00,hd_drv:0x00,wp_drv:0x00
mode:DIO, clock div:2
load:0x3fff0030,len:7172
load:0x40078000,len:15540
load:0x40080400,len:4
ho 8 tail 4 room 4
load:0x40080404,len:3904
entry 0x40080640
[0;32mI (30) boot: ESP-IDF v5.2.1 2nd stage bootloader[0m
[0;32mI (31) boot: compile time Jun  3 2024 15:19:52[0m
[0;32mI (31) boot: Multicore bootloader[0m
[0;32mI (35) boot: chip revision: v1.1[0m
[0;32mI (39) boot.esp32: SPI Speed      : 40MHz[0m
[0;32mI (44) boot.esp32: SPI Mode       : DIO[0m
[0;32mI (48) boot.esp32: SPI Flash Size : 2MB[0m
[0;32mI (53) boot: Enabling RNG early entropy source...[0m
[0;32mI (58) boot: Partition Table:[0m
[0;32mI (62) boot: ## Label            Usage          Type ST Offset   Length[0m
[0;32mI (69) boot:  0 nvs              WiFi data        01 02 00009000 00006000[0m
[0;32mI (76) boot:  1 phy_init         RF data          01 01 0000f000 00001000[0m
[0;32mI (84) boot:  2 factory          factory app      00 00 00010000 00100000[0m
[0;32mI (91) boot: End of partition table[0m
[0;32mI (96) esp_image: segment 0: paddr=00010020 vaddr=3f400020 size=0b584h ( 46468) map[0m
[0;32mI (120) esp_image: segment 1: paddr=0001b5ac vaddr=3ffbdb60 size=034fch ( 13564) load[0m
[0;32mI (125) esp_image: segment 2: paddr=0001eab0 vaddr=40080000 size=01568h (  5480) load[0m
[0;32mI (128) esp_image: segment 3: paddr=00020020 vaddr=400d0020 size=19bfch (105468) map[0m
[0;32mI (170) esp_image: segment 4: paddr=00039c24 vaddr=40081568 size=0c70ch ( 50956) load[0m
[0;32mI (198) boot: Loaded app from partition at offset 0x10000[0m
[0;32mI (198) boot: Disabling RNG early entropy source...[0m
[0;32mI (209) cpu_start: Multicore app[0m
[0;32mI (218) cpu_start: Pro cpu start user code[0m
[0;32mI (218) cpu_start: cpu freq: 160000000 Hz[0m
[0;32mI (218) cpu_start: Application information:[0m
[0;32mI (221) cpu_start: Project name:     Speedometer[0m
[0;32mI (226) cpu_start: App version:      cdb2ade-dirty[0m
[0;32mI (232) cpu_start: Compile time:     Jun  3 2024 18:47:38[0m
[0;32mI (238) cpu_start: ELF file SHA256:  674931ffc...[0m
[0;32mI (243) cpu_start: ESP-IDF:          v5.2.1[0m
[0;32mI (248) cpu_start: Min chip rev:     v0.0[0m
[0;32mI (253) cpu_start: Max chip rev:     v3.99 [0m
[0;32mI (258) cpu_start: Chip rev:         v1.1[0m
[0;32mI (263) heap_init: Initializing. RAM available for dynamic allocation:[0m
[0;32mI (270) heap_init: At 3FFAE6E0 len 0000F480 (61 KiB): DRAM[0m
[0;32mI (276) heap_init: At 3FFC1970 len 0001E690 (121 KiB): DRAM[0m
[0;32mI (282) heap_init: At 3FFE0440 len 00003AE0 (14 KiB): D/IRAM[0m
[0;32mI (288) heap_init: At 3FFE4350 len 0001BCB0 (111 KiB): D/IRAM[0m
[0;32mI (295) heap_init: At 4008DC74 len 0001238C (72 KiB): IRAM[0m
[0;32mI (303) spi_flash: detected chip: generic[0m
[0;32mI (306) spi_flash: flash io: dio[0m
[0;33mW (310) spi_flash: Detected size(4096k) larger than the size in the binary image header(2048k). Using the size in the binary image header.[0m
[0;32mI (323) coexist: coex firmware version: 77cd7f8[0m
[0;32mI (329) main_task: Started on CPU0[0m
[0;32mI (339) main_task: Calling app_main()[0m
[0;32mI (339) gpio: GPIO[32]| InputEn: 0| OutputEn: 0| OpenDrain: 0| Pullup: 0| Pulldown: 0| Intr:0 [0m
[0;32mI (339) ADC_CONTINUOUS: ADC continuous mode started[0m

***ERROR*** A stack overflow in task sensor_func has been detected.


Backtrace: 0x40081772:0x3ffb3450 0x40086bd1:0x3ffb3470 0x40087966:0x3ffb3490 0x4008897b:0x3ffb3510 0x40087a70:0x3ffb3530 0x40087a22:0x3ffb3640 0x3ffb365d:0x3ffb3680 |<-CORRUPTED




ELF file SHA256: 674931ffc

Rebooting...
ets Jun  8 2016 00:22:57

rst:0xc (SW_CPU_RESET),boot:0x17 (SPI_FAST_FLASH_BOOT)
configsip: 0, SPIWP:0xee
clk_drv:0x00,q_drv:0x00,d_drv:0x00,cs0_drv:0x00,hd_drv:0x00,wp_drv:0x00
mode:DIO, clock div:2
load:0x3fff0030,len:7172
load:0x40078000,len:15540
load:0x40080400,len:4
ho 8 tail 4 room 4
load:0x40080404,len:3904
entry 0x40080640
[0;32mI (30) boot: ESP-IDF v5.2.1 2nd stage bootloader[0m
[0;32mI (31) boot: compile time Jun  3 2024 15:19:52[0m
[0;32mI (31) boot: Multicore bootloader[0m
[0;32mI (35) boot: chip revision: v1.1[0m
[0;32mI (39) boot.esp32: SPI Speed      : 40MHz[0m
[0;32mI (44) boot.esp32: SPI Mode       : DIO[0m
[0;32mI (48) boot.esp32: SPI Flash Size : 2MB[0m
[0;32mI (53) boot: Enabling RNG early entropy source...[0m
[0;32mI (58) boot: Partition Table:[0m
[0;32mI (62) boot: ## Label            Usage          Type ST Offset   Length[0m
[0;32mI (69) boot:  0 nvs              WiFi data        01 02 00009000 00006000[0m
[0;32mI (76) boot:  1 phy_init         RF data          01 01 0000f000 00001000[0m
[0;32mI (84) boot:  2 factory          factory app      00 00 00010000 00100000[0m
[0;32mI (91) boot: End of partition table[0m
[0;32mI (96) esp_image: segment 0: paddr=00010020 vaddr=3f400020 size=0b584h ( 46468) map[0m
[0;32mI (120) esp_image: segment 1: paddr=0001b5ac vaddr=3ffbdb60 size=034fch ( 13564) load[0m
[0;32mI (125) esp_image: segment 2: paddr=0001eab0 vaddr=40080000 size=01568h (  5480) load[0m
[0;32mI (128) esp_image: segment 3: paddr=00020020 vaddr=400d0020 size=19bfch (105468) map[0m
[0;32mI (170) esp_image: segment 4: paddr=00039c24 vaddr=40081568 size=0c70ch ( 50956) load[0m
[0;32mI (198) boot: Loaded app from partition at offset 0x10000[0m
[0;32mI (198) boot: Disabling RNG early entropy source...[0m
[0;32mI (209) cpu_start: Multicore app[0m
